ASxxxx Linker V03.00 + NoICE + sdld,  page 1.
Hexadecimal  [32-Bits]

Area                                    Addr        Size        Decimal Bytes (Attributes)
--------------------------------        ----        ----        ------- ----- ------------
CABS                                00000000    00000000 =           0. bytes (ABS,CON,CODE)

      Value  Global                              Global Defined In Module
      -----  --------------------------------   ------------------------
C:   00000000  l_BIT_BANK                      
C:   00000000  l_CABS                          
C:   00000000  l_GSINIT                        
C:   00000000  l_GSINIT1                       
C:   00000000  l_GSINIT5                       
C:   00000000  l_IABS                          
C:   00000000  l_PSEG                          
C:   00000000  l_REG_BANK_1                    
C:   00000000  l_REG_BANK_2                    
C:   00000000  l_REG_BANK_3                    
C:   00000000  l_RSEG                          
C:   00000000  l_RSEG0                         
C:   00000000  l_RSEG1                         
C:   00000000  l_XABS                          
C:   00000000  l_XINIT                         
C:   00000000  l_XISEG                         
C:   00000000  l_XSEG                          
C:   00000000  l__CODE                         
C:   00000000  s_BSEG                          
C:   00000000  s_CABS                          
C:   00000000  s_DSEG                          
C:   00000000  s_HOME                          
C:   00000000  s_IABS                          
C:   00000000  s_REG_BANK_0                    
C:   00000000  s_RSEG                          
C:   00000000  s_RSEG0                         
C:   00000000  s_RSEG1                         
C:   00000000  s_XABS                          
C:   00000001  s_PSEG                          
C:   00000001  s_XISEG                         
C:   00000001  s_XSEG                          
C:   00000002  l_BSEG_BYTES                    
C:   00000003  l_GSFINAL                       
C:   00000003  l_GSINIT0                       
C:   00000006  l_HOME                          
C:   00000006  l_ISEG                          
C:   00000006  l_OSEG                          
C:   00000006  s_GSINIT0                       
C:   00000008  l_REG_BANK_0                    
C:   00000008  s_REG_BANK_1                    
C:   00000009  s_GSINIT1                       
C:   00000009  s_GSINIT2                       
C:   0000000A  l_BSEG                          
C:   0000000A  l_GSINIT2                       
C:   0000000A  s_OSEG                          
C:   00000010  s_ISEG                          
C:   00000010  s_REG_BANK_2                    
C:   00000013  s_GSINIT3                       
C:   00000018  s_BIT_BANK                      
C:   00000018  s_REG_BANK_3                    
ASxxxx Linker V03.00 + NoICE + sdld,  page 2.
Hexadecimal  [32-Bits]

Area                                    Addr        Size        Decimal Bytes (Attributes)
--------------------------------        ----        ----        ------- ----- ------------
CABS                                00000000    00000000 =           0. bytes (ABS,CON,CODE)

      Value  Global                              Global Defined In Module
      -----  --------------------------------   ------------------------
C:   00000020  s_BSEG_BYTES                    
C:   00000020  s__CODE                         
C:   00000022  l_GSINIT3                       
C:   0000002A  l_GSINIT4                       
C:   00000035  s_GSINIT4                       
C:   0000005F  s_GSFINAL                       
C:   0000005F  s_GSINIT                        
C:   0000005F  s_GSINIT5                       
C:   00000062  s_CSEG                          
C:   0000006B  s_SSEG                          
C:   00000076  l_CONST                         
C:   00000076  l_DSEG                          
C:   00000095  l_SSEG                          
C:   00000100  l_IRAM                          
C:   00000D44  l_CSEG                          
C:   00000DA6  s_CONST                         
C:   00000E1C  s_XINIT                         

ASxxxx Linker V03.00 + NoICE + sdld,  page 3.
Hexadecimal  [32-Bits]

Area                                    Addr        Size        Decimal Bytes (Attributes)
--------------------------------        ----        ----        ------- ----- ------------
.  .ABS.                            00000000    00000000 =           0. bytes (ABS,CON)

      Value  Global                              Global Defined In Module
      -----  --------------------------------   ------------------------
     00000000  .__.ABS.                           _fsget1arg
     00000080  G$P0$0$0                           main
     00000080  G$P0_0$0$0                         main
     00000080  _P0                                main
     00000080  _P0_0                              main
     00000081  G$P0_1$0$0                         main
     00000081  G$SP$0$0                           main
     00000081  _P0_1                              main
     00000081  _SP                                main
     00000082  G$DPL$0$0                          main
     00000082  G$P0_2$0$0                         main
     00000082  _DPL                               main
     00000082  _P0_2                              main
     00000083  G$DPH$0$0                          main
     00000083  G$P0_3$0$0                         main
     00000083  _DPH                               main
     00000083  _P0_3                              main
     00000084  G$P0_4$0$0                         main
     00000084  G$SFRPAGE$0$0                      main
     00000084  _P0_4                              main
     00000084  _SFRPAGE                           main
     00000085  G$P0_5$0$0                         main
     00000085  G$SFRNEXT$0$0                      main
     00000085  _P0_5                              main
     00000085  _SFRNEXT                           main
     00000086  G$P0_6$0$0                         main
     00000086  G$SFRLAST$0$0                      main
     00000086  _P0_6                              main
     00000086  _SFRLAST                           main
     00000087  G$P0_7$0$0                         main
     00000087  G$PCON$0$0                         main
     00000087  _P0_7                              main
     00000087  _PCON                              main
     00000088  G$CP0HYN0$0$0                      main
     00000088  G$CP1HYN0$0$0                      main
     00000088  G$CPT0CN$0$0                       main
     00000088  G$CPT1CN$0$0                       main
     00000088  G$FLHBUSY$0$0                      main
     00000088  G$FLSTAT$0$0                       main
     00000088  G$IT0$0$0                          main
     00000088  G$TCON$0$0                         main
     00000088  _CP0HYN0                           main
     00000088  _CP1HYN0                           main
     00000088  _CPT0CN                            main
     00000088  _CPT1CN                            main
     00000088  _FLHBUSY                           main
     00000088  _FLSTAT                            main
     00000088  _IT0                               main
     00000088  _TCON                              main
     00000089  G$CP0HYN1$0$0                      main
ASxxxx Linker V03.00 + NoICE + sdld,  page 4.
Hexadecimal  [32-Bits]

Area                                    Addr        Size        Decimal Bytes (Attributes)
--------------------------------        ----        ----        ------- ----- ------------
.  .ABS.                            00000000    00000000 =           0. bytes (ABS,CON)

      Value  Global                              Global Defined In Module
      -----  --------------------------------   ------------------------
     00000089  G$CP1HYN1$0$0                      main
     00000089  G$CPT0MD$0$0                       main
     00000089  G$CPT1MD$0$0                       main
     00000089  G$IE0$0$0                          main
     00000089  G$PLL0CN$0$0                       main
     00000089  G$TMOD$0$0                         main
     00000089  _CP0HYN1                           main
     00000089  _CP1HYN1                           main
     00000089  _CPT0MD                            main
     00000089  _CPT1MD                            main
     00000089  _IE0                               main
     00000089  _PLL0CN                            main
     00000089  _TMOD                              main
     0000008A  G$CP0HYP0$0$0                      main
     0000008A  G$CP1HYP0$0$0                      main
     0000008A  G$IT1$0$0                          main
     0000008A  G$OSCICN$0$0                       main
     0000008A  G$TL0$0$0                          main
     0000008A  _CP0HYP0                           main
     0000008A  _CP1HYP0                           main
     0000008A  _IT1                               main
     0000008A  _OSCICN                            main
     0000008A  _TL0                               main
     0000008B  G$CP0HYP1$0$0                      main
     0000008B  G$CP1HYP1$0$0                      main
     0000008B  G$IE1$0$0                          main
     0000008B  G$OSCICL$0$0                       main
     0000008B  G$TL1$0$0                          main
     0000008B  _CP0HYP1                           main
     0000008B  _CP1HYP1                           main
     0000008B  _IE1                               main
     0000008B  _OSCICL                            main
     0000008B  _TL1                               main
     0000008C  G$CP0FIF$0$0                       main
     0000008C  G$CP1FIF$0$0                       main
     0000008C  G$OSCXCN$0$0                       main
     0000008C  G$TH0$0$0                          main
     0000008C  G$TR0$0$0                          main
     0000008C  _CP0FIF                            main
     0000008C  _CP1FIF                            main
     0000008C  _OSCXCN                            main
     0000008C  _TH0                               main
     0000008C  _TR0                               main
     0000008D  G$CP0RIF$0$0                       main
     0000008D  G$CP1RIF$0$0                       main
     0000008D  G$PLL0DIV$0$0                      main
     0000008D  G$TF0$0$0                          main
     0000008D  G$TH1$0$0                          main
     0000008D  _CP0RIF                            main
     0000008D  _CP1RIF                            main
     0000008D  _PLL0DIV                           main
ASxxxx Linker V03.00 + NoICE + sdld,  page 5.
Hexadecimal  [32-Bits]

Area                                    Addr        Size        Decimal Bytes (Attributes)
--------------------------------        ----        ----        ------- ----- ------------
.  .ABS.                            00000000    00000000 =           0. bytes (ABS,CON)

      Value  Global                              Global Defined In Module
      -----  --------------------------------   ------------------------
     0000008D  _TF0                               main
     0000008D  _TH1                               main
     0000008E  G$CKCON$0$0                        main
     0000008E  G$CP0OUT$0$0                       main
     0000008E  G$CP1OUT$0$0                       main
     0000008E  G$PLL0MUL$0$0                      main
     0000008E  G$TR1$0$0                          main
     0000008E  _CKCON                             main
     0000008E  _CP0OUT                            main
     0000008E  _CP1OUT                            main
     0000008E  _PLL0MUL                           main
     0000008E  _TR1                               main
     0000008F  G$CP0EN$0$0                        main
     0000008F  G$CP1EN$0$0                        main
     0000008F  G$PLL0FLT$0$0                      main
     0000008F  G$PSCTL$0$0                        main
     0000008F  G$TF1$0$0                          main
     0000008F  _CP0EN                             main
     0000008F  _CP1EN                             main
     0000008F  _PLL0FLT                           main
     0000008F  _PSCTL                             main
     0000008F  _TF1                               main
     00000090  G$P1$0$0                           main
     00000090  G$P1_0$0$0                         main
     00000090  _P1                                main
     00000090  _P1_0                              main
     00000091  G$MAC0BL$0$0                       main
     00000091  G$P1_1$0$0                         main
     00000091  G$SSTA0$0$0                        main
     00000091  _MAC0BL                            main
     00000091  _P1_1                              main
     00000091  _SSTA0                             main
     00000092  G$MAC0BH$0$0                       main
     00000092  G$P1_2$0$0                         main
     00000092  _MAC0BH                            main
     00000092  _P1_2                              main
     00000093  G$MAC0ACC0$0$0                     main
     00000093  G$P1_3$0$0                         main
     00000093  _MAC0ACC0                          main
     00000093  _P1_3                              main
     00000094  G$MAC0ACC1$0$0                     main
     00000094  G$P1_4$0$0                         main
     00000094  _MAC0ACC1                          main
     00000094  _P1_4                              main
     00000095  G$MAC0ACC2$0$0                     main
     00000095  G$P1_5$0$0                         main
     00000095  _MAC0ACC2                          main
     00000095  _P1_5                              main
     00000096  G$MAC0ACC3$0$0                     main
     00000096  G$P1_6$0$0                         main
     00000096  G$SFRPGCN$0$0                      main
ASxxxx Linker V03.00 + NoICE + sdld,  page 6.
Hexadecimal  [32-Bits]

Area                                    Addr        Size        Decimal Bytes (Attributes)
--------------------------------        ----        ----        ------- ----- ------------
.  .ABS.                            00000000    00000000 =           0. bytes (ABS,CON)

      Value  Global                              Global Defined In Module
      -----  --------------------------------   ------------------------
     00000096  _MAC0ACC3                          main
     00000096  _P1_6                              main
     00000096  _SFRPGCN                           main
     00000097  G$CLKSEL$0$0                       main
     00000097  G$MAC0OVR$0$0                      main
     00000097  G$P1_7$0$0                         main
     00000097  _CLKSEL                            main
     00000097  _MAC0OVR                           main
     00000097  _P1_7                              main
     00000098  G$RI$0$0                           main
     00000098  G$RI0$0$0                          main
     00000098  G$RI1$0$0                          main
     00000098  G$SCON$0$0                         main
     00000098  G$SCON0$0$0                        main
     00000098  G$SCON1$0$0                        main
     00000098  _RI                                main
     00000098  _RI0                               main
     00000098  _RI1                               main
     00000098  _SCON                              main
     00000098  _SCON0                             main
     00000098  _SCON1                             main
     00000099  G$SBUF$0$0                         main
     00000099  G$SBUF0$0$0                        main
     00000099  G$SBUF1$0$0                        main
     00000099  G$TI$0$0                           main
     00000099  G$TI0$0$0                          main
     00000099  G$TI1$0$0                          main
     00000099  _SBUF                              main
     00000099  _SBUF0                             main
     00000099  _SBUF1                             main
     00000099  _TI                                main
     00000099  _TI0                               main
     00000099  _TI1                               main
     0000009A  G$CCH0MA$0$0                       main
     0000009A  G$RB80$0$0                         main
     0000009A  G$RB81$0$0                         main
     0000009A  G$SPI0CFG$0$0                      main
     0000009A  _CCH0MA                            main
     0000009A  _RB80                              main
     0000009A  _RB81                              main
     0000009A  _SPI0CFG                           main
     0000009B  G$SPI0DAT$0$0                      main
     0000009B  G$TB80$0$0                         main
     0000009B  G$TB81$0$0                         main
     0000009B  _SPI0DAT                           main
     0000009B  _TB80                              main
     0000009B  _TB81                              main
     0000009C  G$P4MDOUT$0$0                      main
     0000009C  G$REN$0$0                          main
     0000009C  G$REN0$0$0                         main
     0000009C  G$REN1$0$0                         main
ASxxxx Linker V03.00 + NoICE + sdld,  page 7.
Hexadecimal  [32-Bits]

Area                                    Addr        Size        Decimal Bytes (Attributes)
--------------------------------        ----        ----        ------- ----- ------------
.  .ABS.                            00000000    00000000 =           0. bytes (ABS,CON)

      Value  Global                              Global Defined In Module
      -----  --------------------------------   ------------------------
     0000009C  _P4MDOUT                           main
     0000009C  _REN                               main
     0000009C  _REN0                              main
     0000009C  _REN1                              main
     0000009D  G$MCE1$0$0                         main
     0000009D  G$P5MDOUT$0$0                      main
     0000009D  G$SM20$0$0                         main
     0000009D  G$SPI0CKR$0$0                      main
     0000009D  _MCE1                              main
     0000009D  _P5MDOUT                           main
     0000009D  _SM20                              main
     0000009D  _SPI0CKR                           main
     0000009E  G$P6MDOUT$0$0                      main
     0000009E  G$SM10$0$0                         main
     0000009E  _P6MDOUT                           main
     0000009E  _SM10                              main
     0000009F  G$P7MDOUT$0$0                      main
     0000009F  G$S1MODE$0$0                       main
     0000009F  G$SM00$0$0                         main
     0000009F  _P7MDOUT                           main
     0000009F  _S1MODE                            main
     0000009F  _SM00                              main
     000000A0  G$P2$0$0                           main
     000000A0  G$P2_0$0$0                         main
     000000A0  _P2                                main
     000000A0  _P2_0                              main
     000000A1  G$CCH0CN$0$0                       main
     000000A1  G$EMI0TC$0$0                       main
     000000A1  G$P2_1$0$0                         main
     000000A1  _CCH0CN                            main
     000000A1  _EMI0TC                            main
     000000A1  _P2_1                              main
     000000A2  G$CCH0TN$0$0                       main
     000000A2  G$EMI0CN$0$0                       main
     000000A2  G$P2_2$0$0                         main
     000000A2  G$_XPAGE$0$0                       main
     000000A2  _CCH0TN                            main
     000000A2  _EMI0CN                            main
     000000A2  _P2_2                              main
     000000A2  __XPAGE                            main
     000000A3  G$CCH0LC$0$0                       main
     000000A3  G$EMI0CF$0$0                       main
     000000A3  G$P2_3$0$0                         main
     000000A3  _CCH0LC                            main
     000000A3  _EMI0CF                            main
     000000A3  _P2_3                              main
     000000A4  G$P0MDOUT$0$0                      main
     000000A4  G$P2_4$0$0                         main
     000000A4  _P0MDOUT                           main
     000000A4  _P2_4                              main
     000000A5  G$P1MDOUT$0$0                      main
ASxxxx Linker V03.00 + NoICE + sdld,  page 8.
Hexadecimal  [32-Bits]

Area                                    Addr        Size        Decimal Bytes (Attributes)
--------------------------------        ----        ----        ------- ----- ------------
.  .ABS.                            00000000    00000000 =           0. bytes (ABS,CON)

      Value  Global                              Global Defined In Module
      -----  --------------------------------   ------------------------
     000000A5  G$P2_5$0$0                         main
     000000A5  _P1MDOUT                           main
     000000A5  _P2_5                              main
     000000A6  G$P2MDOUT$0$0                      main
     000000A6  G$P2_6$0$0                         main
     000000A6  _P2MDOUT                           main
     000000A6  _P2_6                              main
     000000A7  G$P2_7$0$0                         main
     000000A7  G$P3MDOUT$0$0                      main
     000000A7  _P2_7                              main
     000000A7  _P3MDOUT                           main
     000000A8  G$EX0$0$0                          main
     000000A8  G$IE$0$0                           main
     000000A8  _EX0                               main
     000000A8  _IE                                main
     000000A9  G$ET0$0$0                          main
     000000A9  G$SADDR0$0$0                       main
     000000A9  _ET0                               main
     000000A9  _SADDR0                            main
     000000AA  G$EX1$0$0                          main
     000000AA  _EX1                               main
     000000AB  G$ET1$0$0                          main
     000000AB  _ET1                               main
     000000AC  G$ES$0$0                           main
     000000AC  G$ES0$0$0                          main
     000000AC  _ES                                main
     000000AC  _ES0                               main
     000000AD  G$ET2$0$0                          main
     000000AD  G$P1MDIN$0$0                       main
     000000AD  _ET2                               main
     000000AD  _P1MDIN                            main
     000000AF  G$EA$0$0                           main
     000000AF  _EA                                main
     000000B0  G$P3$0$0                           main
     000000B0  G$P3_0$0$0                         main
     000000B0  _P3                                main
     000000B0  _P3_0                              main
     000000B1  G$P3_1$0$0                         main
     000000B1  G$PSBANK$0$0                       main
     000000B1  _P3_1                              main
     000000B1  _PSBANK                            main
     000000B2  G$P3_2$0$0                         main
     000000B2  _P3_2                              main
     000000B3  G$P3_3$0$0                         main
     000000B3  _P3_3                              main
     000000B4  G$P3_4$0$0                         main
     000000B4  _P3_4                              main
     000000B5  G$P3_5$0$0                         main
     000000B5  _P3_5                              main
     000000B6  G$P3_6$0$0                         main
     000000B6  _P3_6                              main
ASxxxx Linker V03.00 + NoICE + sdld,  page 9.
Hexadecimal  [32-Bits]

Area                                    Addr        Size        Decimal Bytes (Attributes)
--------------------------------        ----        ----        ------- ----- ------------
.  .ABS.                            00000000    00000000 =           0. bytes (ABS,CON)

      Value  Global                              Global Defined In Module
      -----  --------------------------------   ------------------------
     000000B7  G$FLACL$0$0                        main
     000000B7  G$FLSCL$0$0                        main
     000000B7  G$P3_7$0$0                         main
     000000B7  _FLACL                             main
     000000B7  _FLSCL                             main
     000000B7  _P3_7                              main
     000000B8  G$IP$0$0                           main
     000000B8  G$PX0$0$0                          main
     000000B8  _IP                                main
     000000B8  _PX0                               main
     000000B9  G$PT0$0$0                          main
     000000B9  G$SADEN0$0$0                       main
     000000B9  _PT0                               main
     000000B9  _SADEN0                            main
     000000BA  G$AMX0CF$0$0                       main
     000000BA  G$AMX2CF$0$0                       main
     000000BA  G$PX1$0$0                          main
     000000BA  _AMX0CF                            main
     000000BA  _AMX2CF                            main
     000000BA  _PX1                               main
     000000BB  G$AMX0SL$0$0                       main
     000000BB  G$AMX2SL$0$0                       main
     000000BB  G$PT1$0$0                          main
     000000BB  _AMX0SL                            main
     000000BB  _AMX2SL                            main
     000000BB  _PT1                               main
     000000BC  G$ADC0CF$0$0                       main
     000000BC  G$ADC2CF$0$0                       main
     000000BC  G$PS$0$0                           main
     000000BC  G$PS0$0$0                          main
     000000BC  _ADC0CF                            main
     000000BC  _ADC2CF                            main
     000000BC  _PS                                main
     000000BC  _PS0                               main
     000000BD  G$PT2$0$0                          main
     000000BD  _PT2                               main
     000000BE  G$ADC0L$0$0                        main
     000000BE  G$ADC2$0$0                         main
     000000BE  _ADC0L                             main
     000000BE  _ADC2                              main
     000000BF  G$ADC0H$0$0                        main
     000000BF  _ADC0H                             main
     000000C0  G$MAC0N$0$0                        main
     000000C0  G$MAC0STA$0$0                      main
     000000C0  G$SMB0CN$0$0                       main
     000000C0  G$SMBTOE$0$0                       main
     000000C0  _MAC0N                             main
     000000C0  _MAC0STA                           main
     000000C0  _SMB0CN                            main
     000000C0  _SMBTOE                            main
     000000C1  G$MAC0AL$0$0                       main
ASxxxx Linker V03.00 + NoICE + sdld,  page 10.
Hexadecimal  [32-Bits]

Area                                    Addr        Size        Decimal Bytes (Attributes)
--------------------------------        ----        ----        ------- ----- ------------
.  .ABS.                            00000000    00000000 =           0. bytes (ABS,CON)

      Value  Global                              Global Defined In Module
      -----  --------------------------------   ------------------------
     000000C1  G$MAC0SO$0$0                       main
     000000C1  G$SMB0STA$0$0                      main
     000000C1  G$SMBFTE$0$0                       main
     000000C1  _MAC0AL                            main
     000000C1  _MAC0SO                            main
     000000C1  _SMB0STA                           main
     000000C1  _SMBFTE                            main
     000000C2  G$AA$0$0                           main
     000000C2  G$MAC0AH$0$0                       main
     000000C2  G$MAC0Z$0$0                        main
     000000C2  G$SMB0DAT$0$0                      main
     000000C2  _AA                                main
     000000C2  _MAC0AH                            main
     000000C2  _MAC0Z                             main
     000000C2  _SMB0DAT                           main
     000000C3  G$MAC0CF$0$0                       main
     000000C3  G$MAC0HO$0$0                       main
     000000C3  G$SI$0$0                           main
     000000C3  G$SMB0ADR$0$0                      main
     000000C3  _MAC0CF                            main
     000000C3  _MAC0HO                            main
     000000C3  _SI                                main
     000000C3  _SMB0ADR                           main
     000000C4  G$ADC0GTL$0$0                      main
     000000C4  G$ADC2GT$0$0                       main
     000000C4  G$STO$0$0                          main
     000000C4  _ADC0GTL                           main
     000000C4  _ADC2GT                            main
     000000C4  _STO                               main
     000000C5  G$ADC0GTH$0$0                      main
     000000C5  G$STA$0$0                          main
     000000C5  _ADC0GTH                           main
     000000C5  _STA                               main
     000000C6  G$ADC0LTL$0$0                      main
     000000C6  G$ADC2LT$0$0                       main
     000000C6  G$ENSMB$0$0                        main
     000000C6  _ADC0LTL                           main
     000000C6  _ADC2LT                            main
     000000C6  _ENSMB                             main
     000000C7  G$ADC0LTH$0$0                      main
     000000C7  G$BUSY$0$0                         main
     000000C7  _ADC0LTH                           main
     000000C7  _BUSY                              main
     000000C8  G$CPRL2$0$0                        main
     000000C8  G$CPRL3$0$0                        main
     000000C8  G$CPRL4$0$0                        main
     000000C8  G$P4$0$0                           main
     000000C8  G$P4_0$0$0                         main
     000000C8  G$TMR2CN$0$0                       main
     000000C8  G$TMR3CN$0$0                       main
     000000C8  G$TMR4CN$0$0                       main
ASxxxx Linker V03.00 + NoICE + sdld,  page 11.
Hexadecimal  [32-Bits]

Area                                    Addr        Size        Decimal Bytes (Attributes)
--------------------------------        ----        ----        ------- ----- ------------
.  .ABS.                            00000000    00000000 =           0. bytes (ABS,CON)

      Value  Global                              Global Defined In Module
      -----  --------------------------------   ------------------------
     000000C8  _CPRL2                             main
     000000C8  _CPRL3                             main
     000000C8  _CPRL4                             main
     000000C8  _P4                                main
     000000C8  _P4_0                              main
     000000C8  _TMR2CN                            main
     000000C8  _TMR3CN                            main
     000000C8  _TMR4CN                            main
     000000C9  G$CT2$0$0                          main
     000000C9  G$CT3$0$0                          main
     000000C9  G$CT4$0$0                          main
     000000C9  G$P4_1$0$0                         main
     000000C9  G$TMR2CF$0$0                       main
     000000C9  G$TMR3CF$0$0                       main
     000000C9  G$TMR4CF$0$0                       main
     000000C9  _CT2                               main
     000000C9  _CT3                               main
     000000C9  _CT4                               main
     000000C9  _P4_1                              main
     000000C9  _TMR2CF                            main
     000000C9  _TMR3CF                            main
     000000C9  _TMR4CF                            main
     000000CA  G$P4_2$0$0                         main
     000000CA  G$RCAP2L$0$0                       main
     000000CA  G$RCAP3L$0$0                       main
     000000CA  G$RCAP4L$0$0                       main
     000000CA  G$TR2$0$0                          main
     000000CA  G$TR3$0$0                          main
     000000CA  G$TR4$0$0                          main
     000000CA  _P4_2                              main
     000000CA  _RCAP2L                            main
     000000CA  _RCAP3L                            main
     000000CA  _RCAP4L                            main
     000000CA  _TR2                               main
     000000CA  _TR3                               main
     000000CA  _TR4                               main
     000000CB  G$EXEN2$0$0                        main
     000000CB  G$EXEN3$0$0                        main
     000000CB  G$EXEN4$0$0                        main
     000000CB  G$P4_3$0$0                         main
     000000CB  G$RCAP2H$0$0                       main
     000000CB  G$RCAP3H$0$0                       main
     000000CB  G$RCAP4H$0$0                       main
     000000CB  _EXEN2                             main
     000000CB  _EXEN3                             main
     000000CB  _EXEN4                             main
     000000CB  _P4_3                              main
     000000CB  _RCAP2H                            main
     000000CB  _RCAP3H                            main
     000000CB  _RCAP4H                            main
     000000CC  G$P4_4$0$0                         main
ASxxxx Linker V03.00 + NoICE + sdld,  page 12.
Hexadecimal  [32-Bits]

Area                                    Addr        Size        Decimal Bytes (Attributes)
--------------------------------        ----        ----        ------- ----- ------------
.  .ABS.                            00000000    00000000 =           0. bytes (ABS,CON)

      Value  Global                              Global Defined In Module
      -----  --------------------------------   ------------------------
     000000CC  G$TL2$0$0                          main
     000000CC  G$TMR2L$0$0                        main
     000000CC  G$TMR3L$0$0                        main
     000000CC  G$TMR4L$0$0                        main
     000000CC  _P4_4                              main
     000000CC  _TL2                               main
     000000CC  _TMR2L                             main
     000000CC  _TMR3L                             main
     000000CC  _TMR4L                             main
     000000CD  G$P4_5$0$0                         main
     000000CD  G$TH2$0$0                          main
     000000CD  G$TMR2H$0$0                        main
     000000CD  G$TMR3H$0$0                        main
     000000CD  G$TMR4H$0$0                        main
     000000CD  _P4_5                              main
     000000CD  _TH2                               main
     000000CD  _TMR2H                             main
     000000CD  _TMR3H                             main
     000000CD  _TMR4H                             main
     000000CE  G$EXF2$0$0                         main
     000000CE  G$EXF3$0$0                         main
     000000CE  G$EXF4$0$0                         main
     000000CE  G$MAC0RNDL$0$0                     main
     000000CE  G$P4_6$0$0                         main
     000000CE  _EXF2                              main
     000000CE  _EXF3                              main
     000000CE  _EXF4                              main
     000000CE  _MAC0RNDL                          main
     000000CE  _P4_6                              main
     000000CF  G$MAC0RNDH$0$0                     main
     000000CF  G$P4_7$0$0                         main
     000000CF  G$SMB0CR$0$0                       main
     000000CF  G$TF2$0$0                          main
     000000CF  G$TF3$0$0                          main
     000000CF  G$TF4$0$0                          main
     000000CF  _MAC0RNDH                          main
     000000CF  _P4_7                              main
     000000CF  _SMB0CR                            main
     000000CF  _TF2                               main
     000000CF  _TF3                               main
     000000CF  _TF4                               main
     000000D0  G$P$0$0                            main
     000000D0  G$PSW$0$0                          main
     000000D0  _P                                 main
     000000D0  _PSW                               main
     000000D1  G$F1$0$0                           main
     000000D1  G$REF0CN$0$0                       main
     000000D1  _F1                                main
     000000D1  _REF0CN                            main
     000000D2  G$DAC0L$0$0                        main
     000000D2  G$DAC1L$0$0                        main
ASxxxx Linker V03.00 + NoICE + sdld,  page 13.
Hexadecimal  [32-Bits]

Area                                    Addr        Size        Decimal Bytes (Attributes)
--------------------------------        ----        ----        ------- ----- ------------
.  .ABS.                            00000000    00000000 =           0. bytes (ABS,CON)

      Value  Global                              Global Defined In Module
      -----  --------------------------------   ------------------------
     000000D2  G$OV$0$0                           main
     000000D2  _DAC0L                             main
     000000D2  _DAC1L                             main
     000000D2  _OV                                main
     000000D3  G$DAC0H$0$0                        main
     000000D3  G$DAC1H$0$0                        main
     000000D3  G$RS0$0$0                          main
     000000D3  _DAC0H                             main
     000000D3  _DAC1H                             main
     000000D3  _RS0                               main
     000000D4  G$DAC0CN$0$0                       main
     000000D4  G$DAC1CN$0$0                       main
     000000D4  G$RS1$0$0                          main
     000000D4  _DAC0CN                            main
     000000D4  _DAC1CN                            main
     000000D4  _RS1                               main
     000000D5  G$F0$0$0                           main
     000000D5  _F0                                main
     000000D6  G$AC$0$0                           main
     000000D6  _AC                                main
     000000D7  G$CY$0$0                           main
     000000D7  _CY                                main
     000000D8  G$CCF0$0$0                         main
     000000D8  G$P5$0$0                           main
     000000D8  G$P5_0$0$0                         main
     000000D8  G$PCA0CN$0$0                       main
     000000D8  _CCF0                              main
     000000D8  _P5                                main
     000000D8  _P5_0                              main
     000000D8  _PCA0CN                            main
     000000D9  G$CCF1$0$0                         main
     000000D9  G$P5_1$0$0                         main
     000000D9  G$PCA0MD$0$0                       main
     000000D9  _CCF1                              main
     000000D9  _P5_1                              main
     000000D9  _PCA0MD                            main
     000000DA  G$CCF2$0$0                         main
     000000DA  G$P5_2$0$0                         main
     000000DA  G$PCA0CPM0$0$0                     main
     000000DA  _CCF2                              main
     000000DA  _P5_2                              main
     000000DA  _PCA0CPM0                          main
     000000DB  G$CCF3$0$0                         main
     000000DB  G$P5_3$0$0                         main
     000000DB  G$PCA0CPM1$0$0                     main
     000000DB  _CCF3                              main
     000000DB  _P5_3                              main
     000000DB  _PCA0CPM1                          main
     000000DC  G$CCF4$0$0                         main
     000000DC  G$P5_4$0$0                         main
     000000DC  G$PCA0CPM2$0$0                     main
ASxxxx Linker V03.00 + NoICE + sdld,  page 14.
Hexadecimal  [32-Bits]

Area                                    Addr        Size        Decimal Bytes (Attributes)
--------------------------------        ----        ----        ------- ----- ------------
.  .ABS.                            00000000    00000000 =           0. bytes (ABS,CON)

      Value  Global                              Global Defined In Module
      -----  --------------------------------   ------------------------
     000000DC  _CCF4                              main
     000000DC  _P5_4                              main
     000000DC  _PCA0CPM2                          main
     000000DD  G$CCF5$0$0                         main
     000000DD  G$P5_5$0$0                         main
     000000DD  G$PCA0CPM3$0$0                     main
     000000DD  _CCF5                              main
     000000DD  _P5_5                              main
     000000DD  _PCA0CPM3                          main
     000000DE  G$CR$0$0                           main
     000000DE  G$P5_6$0$0                         main
     000000DE  G$PCA0CPM4$0$0                     main
     000000DE  _CR                                main
     000000DE  _P5_6                              main
     000000DE  _PCA0CPM4                          main
     000000DF  G$CF$0$0                           main
     000000DF  G$P5_7$0$0                         main
     000000DF  G$PCA0CPM5$0$0                     main
     000000DF  _CF                                main
     000000DF  _P5_7                              main
     000000DF  _PCA0CPM5                          main
     000000E0  G$ACC$0$0                          main
     000000E0  _ACC                               main
     000000E1  G$PCA0CPL5$0$0                     main
     000000E1  G$XBR0$0$0                         main
     000000E1  _PCA0CPL5                          main
     000000E1  _XBR0                              main
     000000E2  G$PCA0CPH5$0$0                     main
     000000E2  G$XBR1$0$0                         main
     000000E2  _PCA0CPH5                          main
     000000E2  _XBR1                              main
     000000E3  G$XBR2$0$0                         main
     000000E3  _XBR2                              main
     000000E6  G$EIE1$0$0                         main
     000000E6  _EIE1                              main
     000000E7  G$EIE2$0$0                         main
     000000E7  _EIE2                              main
     000000E8  G$AD0LJST$0$0                      main
     000000E8  G$AD2WINT$0$0                      main
     000000E8  G$ADC0CN$0$0                       main
     000000E8  G$ADC2CN$0$0                       main
     000000E8  G$P6$0$0                           main
     000000E8  G$P6_0$0$0                         main
     000000E8  _AD0LJST                           main
     000000E8  _AD2WINT                           main
     000000E8  _ADC0CN                            main
     000000E8  _ADC2CN                            main
     000000E8  _P6                                main
     000000E8  _P6_0                              main
     000000E9  G$AD0WINT$0$0                      main
     000000E9  G$AD2CM0$0$0                       main
ASxxxx Linker V03.00 + NoICE + sdld,  page 15.
Hexadecimal  [32-Bits]

Area                                    Addr        Size        Decimal Bytes (Attributes)
--------------------------------        ----        ----        ------- ----- ------------
.  .ABS.                            00000000    00000000 =           0. bytes (ABS,CON)

      Value  Global                              Global Defined In Module
      -----  --------------------------------   ------------------------
     000000E9  G$P6_1$0$0                         main
     000000E9  G$PCA0CPL2$0$0                     main
     000000E9  _AD0WINT                           main
     000000E9  _AD2CM0                            main
     000000E9  _P6_1                              main
     000000E9  _PCA0CPL2                          main
     000000EA  G$AD0CM0$0$0                       main
     000000EA  G$AD2CM1$0$0                       main
     000000EA  G$P6_2$0$0                         main
     000000EA  G$PCA0CPH2$0$0                     main
     000000EA  _AD0CM0                            main
     000000EA  _AD2CM1                            main
     000000EA  _P6_2                              main
     000000EA  _PCA0CPH2                          main
     000000EB  G$AD0CM1$0$0                       main
     000000EB  G$AD2CM2$0$0                       main
     000000EB  G$P6_3$0$0                         main
     000000EB  G$PCA0CPL3$0$0                     main
     000000EB  _AD0CM1                            main
     000000EB  _AD2CM2                            main
     000000EB  _P6_3                              main
     000000EB  _PCA0CPL3                          main
     000000EC  G$AD0BUSY$0$0                      main
     000000EC  G$AD2BUSY$0$0                      main
     000000EC  G$P6_4$0$0                         main
     000000EC  G$PCA0CPH3$0$0                     main
     000000EC  _AD0BUSY                           main
     000000EC  _AD2BUSY                           main
     000000EC  _P6_4                              main
     000000EC  _PCA0CPH3                          main
     000000ED  G$AD0INT$0$0                       main
     000000ED  G$AD2INT$0$0                       main
     000000ED  G$P6_5$0$0                         main
     000000ED  G$PCA0CPL4$0$0                     main
     000000ED  _AD0INT                            main
     000000ED  _AD2INT                            main
     000000ED  _P6_5                              main
     000000ED  _PCA0CPL4                          main
     000000EE  G$AD0TM$0$0                        main
     000000EE  G$AD2TM$0$0                        main
     000000EE  G$P6_6$0$0                         main
     000000EE  G$PCA0CPH4$0$0                     main
     000000EE  _AD0TM                             main
     000000EE  _AD2TM                             main
     000000EE  _P6_6                              main
     000000EE  _PCA0CPH4                          main
     000000EF  G$AD0EN$0$0                        main
     000000EF  G$AD2EN$0$0                        main
     000000EF  G$P6_7$0$0                         main
     000000EF  G$RSTSRC$0$0                       main
     000000EF  _AD0EN                             main
ASxxxx Linker V03.00 + NoICE + sdld,  page 16.
Hexadecimal  [32-Bits]

Area                                    Addr        Size        Decimal Bytes (Attributes)
--------------------------------        ----        ----        ------- ----- ------------
.  .ABS.                            00000000    00000000 =           0. bytes (ABS,CON)

      Value  Global                              Global Defined In Module
      -----  --------------------------------   ------------------------
     000000EF  _AD2EN                             main
     000000EF  _P6_7                              main
     000000EF  _RSTSRC                            main
     000000F0  G$B$0$0                            main
     000000F0  _B                                 main
     000000F5  _B_5                               _gptrget
     000000F6  G$EIP1$0$0                         main
     000000F6  _B_6                               _gptrget
     000000F6  _EIP1                              main
     000000F7  G$EIP2$0$0                         main
     000000F7  _B_7                               _gptrget
     000000F7  _EIP2                              main
     000000F8  G$P7$0$0                           main
     000000F8  G$P7_0$0$0                         main
     000000F8  G$SPI0CN$0$0                       main
     000000F8  G$SPIEN$0$0                        main
     000000F8  _P7                                main
     000000F8  _P7_0                              main
     000000F8  _SPI0CN                            main
     000000F8  _SPIEN                             main
     000000F9  G$P7_1$0$0                         main
     000000F9  G$PCA0L$0$0                        main
     000000F9  G$TXBMT$0$0                        main
     000000F9  _P7_1                              main
     000000F9  _PCA0L                             main
     000000F9  _TXBMT                             main
     000000FA  G$NSSMD0$0$0                       main
     000000FA  G$P7_2$0$0                         main
     000000FA  G$PCA0H$0$0                        main
     000000FA  _NSSMD0                            main
     000000FA  _P7_2                              main
     000000FA  _PCA0H                             main
     000000FB  G$NSSMD1$0$0                       main
     000000FB  G$P7_3$0$0                         main
     000000FB  G$PCA0CPL0$0$0                     main
     000000FB  _NSSMD1                            main
     000000FB  _P7_3                              main
     000000FB  _PCA0CPL0                          main
     000000FC  G$P7_4$0$0                         main
     000000FC  G$PCA0CPH0$0$0                     main
     000000FC  G$RXOVRN$0$0                       main
     000000FC  _P7_4                              main
     000000FC  _PCA0CPH0                          main
     000000FC  _RXOVRN                            main
     000000FD  G$MODF$0$0                         main
     000000FD  G$P7_5$0$0                         main
     000000FD  G$PCA0CPL1$0$0                     main
     000000FD  _MODF                              main
     000000FD  _P7_5                              main
     000000FD  _PCA0CPL1                          main
     000000FE  G$P7_6$0$0                         main
ASxxxx Linker V03.00 + NoICE + sdld,  page 17.
Hexadecimal  [32-Bits]

Area                                    Addr        Size        Decimal Bytes (Attributes)
--------------------------------        ----        ----        ------- ----- ------------
.  .ABS.                            00000000    00000000 =           0. bytes (ABS,CON)

      Value  Global                              Global Defined In Module
      -----  --------------------------------   ------------------------
     000000FE  G$PCA0CPH1$0$0                     main
     000000FE  G$WCOL$0$0                         main
     000000FE  _P7_6                              main
     000000FE  _PCA0CPH1                          main
     000000FE  _WCOL                              main
     000000FF  G$P7_7$0$0                         main
     000000FF  G$SPIF$0$0                         main
     000000FF  G$WDTCN$0$0                        main
     000000FF  _P7_7                              main
     000000FF  _SPIF                              main
     000000FF  _WDTCN                             main
     00008C8A  G$TMR0$0$0                         main
     00008C8A  _TMR0                              main
     00008D8B  G$TMR1$0$0                         main
     00008D8B  _TMR1                              main
     0000BFBE  G$ADC0$0$0                         main
     0000BFBE  _ADC0                              main
     0000C2C1  G$MAC0A$0$0                        main
     0000C2C1  _MAC0A                             main
     0000C5C4  G$ADC0GT$0$0                       main
     0000C5C4  _ADC0GT                            main
     0000C7C6  G$ADC0LT$0$0                       main
     0000C7C6  _ADC0LT                            main
     0000CBCA  G$RCAP2$0$0                        main
     0000CBCA  G$RCAP3$0$0                        main
     0000CBCA  G$RCAP4$0$0                        main
     0000CBCA  _RCAP2                             main
     0000CBCA  _RCAP3                             main
     0000CBCA  _RCAP4                             main
     0000CDCC  G$TMR2$0$0                         main
     0000CDCC  G$TMR3$0$0                         main
     0000CDCC  G$TMR4$0$0                         main
     0000CDCC  _TMR2                              main
     0000CDCC  _TMR3                              main
     0000CDCC  _TMR4                              main
     0000CFCE  G$MAC0RND$0$0                      main
     0000CFCE  _MAC0RND                           main
     0000D3D2  G$DAC0$0$0                         main
     0000D3D2  G$DAC1$0$0                         main
     0000D3D2  _DAC0                              main
     0000D3D2  _DAC1                              main
     0000E2E1  G$PCA0CP5$0$0                      main
     0000E2E1  _PCA0CP5                           main
     0000EAE9  G$PCA0CP2$0$0                      main
     0000EAE9  _PCA0CP2                           main
     0000ECEB  G$PCA0CP3$0$0                      main
     0000ECEB  _PCA0CP3                           main
     0000EEED  G$PCA0CP4$0$0                      main
     0000EEED  _PCA0CP4                           main
     0000FAF9  G$PCA0$0$0                         main
     0000FAF9  _PCA0                              main
ASxxxx Linker V03.00 + NoICE + sdld,  page 18.
Hexadecimal  [32-Bits]

Area                                    Addr        Size        Decimal Bytes (Attributes)
--------------------------------        ----        ----        ------- ----- ------------
.  .ABS.                            00000000    00000000 =           0. bytes (ABS,CON)

      Value  Global                              Global Defined In Module
      -----  --------------------------------   ------------------------
     0000FCFB  G$PCA0CP0$0$0                      main
     0000FCFB  _PCA0CP0                           main
     0000FEFD  G$PCA0CP1$0$0                      main
     0000FEFD  _PCA0CP1                           main
     00959493  G$MAC0ACC$0$0                      main
     00959493  _MAC0ACC                           main

ASxxxx Linker V03.00 + NoICE + sdld,  page 19.
Hexadecimal  [32-Bits]

Area                                    Addr        Size        Decimal Bytes (Attributes)
--------------------------------        ----        ----        ------- ----- ------------
BSEG_BYTES                          00000020    00000002 =           2. bytes (REL,CON)

      Value  Global                              Global Defined In Module
      -----  --------------------------------   ------------------------
ASxxxx Linker V03.00 + NoICE + sdld,  page 20.
Hexadecimal  [32-Bits]

Area                                    Addr        Size        Decimal Bytes (Attributes)
--------------------------------        ----        ----        ------- ----- ------------
REG_BANK_0                          00000000    00000008 =           8. bytes (REL,OVR)

      Value  Global                              Global Defined In Module
      -----  --------------------------------   ------------------------
ASxxxx Linker V03.00 + NoICE + sdld,  page 21.
Hexadecimal  [32-Bits]

Area                                    Addr        Size        Decimal Bytes (Attributes)
--------------------------------        ----        ----        ------- ----- ------------
DSEG                                00000000    00000076 =         118. bytes (REL,CON)

      Value  Global                              Global Defined In Module
      -----  --------------------------------   ------------------------
     00000008  _vprintf_PARM_2                    vprintf
     00000009  _bp                                _bp
     00000022  G$vH$0$0                           main
     00000022  _vH                                main
     00000025  G$vL$0$0                           main
     00000025  _vL                                main
     00000028  G$voltage$0$0                      main
     00000028  _voltage                           main
     0000002A  G$voltages$0$0                     main
     0000002A  _voltages                          main
     0000004A  G$index$0$0                        main
     0000004A  _index                             main
     0000004B  G$average$0$0                      main
     0000004B  _average                           main
     0000004D  Lmain.loop$vActual$1$35            main
     0000005D  __print_format_PARM_2              printf_large
     00000060  __print_format_PARM_3              printf_large
     00000063  __print_format_PARM_4              printf_large
ASxxxx Linker V03.00 + NoICE + sdld,  page 22.
Hexadecimal  [32-Bits]

Area                                    Addr        Size        Decimal Bytes (Attributes)
--------------------------------        ----        ----        ------- ----- ------------
OSEG                                0000000A    00000006 =           6. bytes (REL,OVR)

      Value  Global                              Global Defined In Module
      -----  --------------------------------   ------------------------
     0000000A  __gptrput_PARM_2                   _gptrput

ASxxxx Linker V03.00 + NoICE + sdld,  page 23.
Hexadecimal  [32-Bits]

Area                                    Addr        Size        Decimal Bytes (Attributes)
--------------------------------        ----        ----        ------- ----- ------------
ISEG                                00000010    00000006 =           6. bytes (REL,CON)

      Value  Global                              Global Defined In Module
      -----  --------------------------------   ------------------------
ASxxxx Linker V03.00 + NoICE + sdld,  page 24.
Hexadecimal  [32-Bits]

Area                                    Addr        Size        Decimal Bytes (Attributes)
--------------------------------        ----        ----        ------- ----- ------------
SSEG                                0000006B    00000095 =         149. bytes (REL,OVR)

      Value  Global                              Global Defined In Module
      -----  --------------------------------   ------------------------
     0000006B  __start__stack                     main

ASxxxx Linker V03.00 + NoICE + sdld,  page 25.
Hexadecimal  [32-Bits]

Area                                    Addr        Size        Decimal Bytes (Attributes)
--------------------------------        ----        ----        ------- ----- ------------
HOME                                00000000    00000006 =           6. bytes (REL,CON,CODE)

      Value  Global                              Global Defined In Module
      -----  --------------------------------   ------------------------
C:   00000000  A$main$1275                        main
C:   00000003  A$main$1297                        main
C:   00000003  __sdcc_program_startup             main
ASxxxx Linker V03.00 + NoICE + sdld,  page 26.
Hexadecimal  [32-Bits]

Area                                    Addr        Size        Decimal Bytes (Attributes)
--------------------------------        ----        ----        ------- ----- ------------
GSINIT0                             00000006    00000003 =           3. bytes (REL,CON,CODE)

      Value  Global                              Global Defined In Module
      -----  --------------------------------   ------------------------
C:   00000006  __sdcc_gsinit_startup              

ASxxxx Linker V03.00 + NoICE + sdld,  page 27.
Hexadecimal  [32-Bits]

Area                                    Addr        Size        Decimal Bytes (Attributes)
--------------------------------        ----        ----        ------- ----- ------------
GSINIT2                             00000009    0000000A =          10. bytes (REL,CON,CODE)

      Value  Global                              Global Defined In Module
      -----  --------------------------------   ------------------------
ASxxxx Linker V03.00 + NoICE + sdld,  page 28.
Hexadecimal  [32-Bits]

Area                                    Addr        Size        Decimal Bytes (Attributes)
--------------------------------        ----        ----        ------- ----- ------------
GSINIT3                             00000013    00000022 =          34. bytes (REL,CON,CODE)

      Value  Global                              Global Defined In Module
      -----  --------------------------------   ------------------------
C:   00000013  __mcs51_genXINIT                   

ASxxxx Linker V03.00 + NoICE + sdld,  page 29.
Hexadecimal  [32-Bits]

Area                                    Addr        Size        Decimal Bytes (Attributes)
--------------------------------        ----        ----        ------- ----- ------------
GSINIT4                             00000035    0000002A =          42. bytes (REL,CON,CODE)

      Value  Global                              Global Defined In Module
      -----  --------------------------------   ------------------------
C:   00000035  __mcs51_genRAMCLEAR                
C:   0000003B  __mcs51_genXRAMCLEAR               

ASxxxx Linker V03.00 + NoICE + sdld,  page 30.
Hexadecimal  [32-Bits]

Area                                    Addr        Size        Decimal Bytes (Attributes)
--------------------------------        ----        ----        ------- ----- ------------
GSFINAL                             0000005F    00000003 =           3. bytes (REL,CON,CODE)

      Value  Global                              Global Defined In Module
      -----  --------------------------------   ------------------------
C:   0000005F  A$main$1290                        main

ASxxxx Linker V03.00 + NoICE + sdld,  page 31.
Hexadecimal  [32-Bits]

Area                                    Addr        Size        Decimal Bytes (Attributes)
--------------------------------        ----        ----        ------- ----- ------------
CSEG                                00000062    00000D44 =        3396. bytes (REL,CON,CODE)

      Value  Global                              Global Defined In Module
      -----  --------------------------------   ------------------------
C:   00000062  A$main$1323                        main
C:   00000062  C$putget.h$18$0$0                  main
C:   00000062  G$putchar$0$0                      main
C:   00000062  _putchar                           main
C:   00000064  A$main$1329                        main
C:   00000064  C$putget.h$20$1$22                 main
C:   00000064  C$putget.h$21$1$22                 main
C:   00000067  A$main$1330                        main
C:   00000069  A$main$1334                        main
C:   00000069  C$putget.h$22$1$22                 main
C:   0000006B  A$main$1337                        main
C:   0000006B  C$putget.h$23$1$22                 main
C:   0000006B  XG$putchar$0$0                     main
C:   0000006C  A$main$1355                        main
C:   0000006C  C$putget.h$28$1$22                 main
C:   0000006C  C$putget.h$31$1$24                 main
C:   0000006C  C$putget.h$32$1$24                 main
C:   0000006C  G$getchar$0$0                      main
C:   0000006C  _getchar                           main
C:   0000006F  A$main$1356                        main
C:   00000071  A$main$1360                        main
C:   00000071  C$putget.h$33$1$24                 main
C:   00000074  A$main$1363                        main
C:   00000074  C$putget.h$35$1$24                 main
C:   00000077  A$main$1366                        main
C:   00000077  C$putget.h$36$1$24                 main
C:   0000007A  A$main$1369                        main
C:   0000007A  C$putget.h$37$1$24                 main
C:   0000007A  XG$getchar$0$0                     main
C:   0000007B  A$main$1384                        main
C:   0000007B  C$main.c$35$1$24                   main
C:   0000007B  C$main.c$40$1$32                   main
C:   0000007B  G$main$0$0                         main
C:   0000007B  _main                              main
C:   0000007E  A$main$1387                        main
C:   0000007E  C$main.c$42$1$32                   main
C:   00000081  A$main$1390                        main
C:   00000081  C$main.c$43$1$32                   main
C:   00000084  A$main$1393                        main
C:   00000084  C$main.c$44$1$32                   main
C:   00000087  A$main$1396                        main
C:   00000087  C$main.c$45$1$32                   main
C:   0000008A  A$main$1399                        main
C:   0000008A  C$main.c$47$1$32                   main
C:   0000008D  A$main$1402                        main
C:   0000008D  C$main.c$48$1$32                   main
C:   0000008F  A$main$1405                        main
C:   0000008F  C$main.c$50$1$32                   main
C:   00000092  A$main$1408                        main
C:   00000092  C$main.c$53$1$32                   main
ASxxxx Linker V03.00 + NoICE + sdld,  page 32.
Hexadecimal  [32-Bits]

Area                                    Addr        Size        Decimal Bytes (Attributes)
--------------------------------        ----        ----        ------- ----- ------------
CSEG                                00000062    00000D44 =        3396. bytes (REL,CON,CODE)

      Value  Global                              Global Defined In Module
      -----  --------------------------------   ------------------------
C:   00000094  A$main$1409                        main
C:   00000096  A$main$1410                        main
C:   00000098  A$main$1411                        main
C:   0000009A  A$main$1412                        main
C:   0000009C  A$main$1413                        main
C:   0000009E  A$main$1414                        main
C:   000000A1  A$main$1415                        main
C:   000000A3  A$main$1416                        main
C:   000000A5  A$main$1417                        main
C:   000000A7  A$main$1420                        main
C:   000000A7  C$main.c$54$1$32                   main
C:   000000A9  A$main$1421                        main
C:   000000AB  A$main$1422                        main
C:   000000AD  A$main$1423                        main
C:   000000AF  A$main$1424                        main
C:   000000B1  A$main$1425                        main
C:   000000B3  A$main$1426                        main
C:   000000B6  A$main$1427                        main
C:   000000B8  A$main$1428                        main
C:   000000BA  A$main$1429                        main
C:   000000BC  A$main$1432                        main
C:   000000BC  C$main.c$56$1$32                   main
C:   000000BF  A$main$1433                        main
C:   000000C2  A$main$1434                        main
C:   000000C5  A$main$1437                        main
C:   000000C5  C$main.c$57$1$32                   main
C:   000000C7  A$main$1438                        main
C:   000000C9  A$main$1439                        main
C:   000000CB  A$main$1440                        main
C:   000000CC  A$main$1441                        main
C:   000000CE  A$main$1442                        main
C:   000000D0  A$main$1443                        main
C:   000000D3  A$main$1446                        main
C:   000000D3  C$main.c$59$1$32                   main
C:   000000D4  A$main$1447                        main
C:   000000D6  A$main$1448                        main
C:   000000D8  A$main$1452                        main
C:   000000D8  C$main.c$60$1$32                   main
C:   000000DA  A$main$1455                        main
C:   000000DA  C$main.c$61$1$32                   main
C:   000000DC  A$main$1457                        main
C:   000000DE  A$main$1458                        main
C:   000000E0  A$main$1459                        main
C:   000000E1  A$main$1460                        main
C:   000000E3  A$main$1461                        main
C:   000000E4  A$main$1462                        main
C:   000000E6  A$main$1463                        main
C:   000000E7  A$main$1464                        main
C:   000000E9  A$main$1465                        main
C:   000000EB  A$main$1468                        main
C:   000000EB  C$main.c$62$1$32                   main
ASxxxx Linker V03.00 + NoICE + sdld,  page 33.
Hexadecimal  [32-Bits]

Area                                    Addr        Size        Decimal Bytes (Attributes)
--------------------------------        ----        ----        ------- ----- ------------
CSEG                                00000062    00000D44 =        3396. bytes (REL,CON,CODE)

      Value  Global                              Global Defined In Module
      -----  --------------------------------   ------------------------
C:   000000EC  A$main$1469                        main
C:   000000EE  A$main$1470                        main
C:   000000F0  A$main$1476                        main
C:   000000F0  C$main.c$64$1$32                   main
C:   000000F0  C$main.c$66$2$33                   main
C:   000000F3  A$main$1477                        main
C:   000000F5  A$main$1478                        main
C:   000000F7  A$main$1481                        main
C:   000000F7  C$main.c$69$1$32                   main
C:   000000F7  XG$main$0$0                        main
C:   000000F8  A$main$1497                        main
C:   000000F8  C$main.c$71$1$32                   main
C:   000000F8  C$main.c$75$1$35                   main
C:   000000F8  G$loop$0$0                         main
C:   000000F8  _loop                              main
C:   000000FB  A$main$1500                        main
C:   000000FB  C$main.c$77$1$35                   main
C:   000000FD  A$main$1501                        main
C:   00000100  A$main$1502                        main
C:   00000103  A$main$1506                        main
C:   00000103  C$main.c$78$2$36                   main
C:   00000105  A$main$1507                        main
C:   00000107  A$main$1508                        main
C:   00000109  A$main$1509                        main
C:   0000010B  A$main$1510                        main
C:   0000010D  A$main$1511                        main
C:   0000010F  A$main$1512                        main
C:   00000112  A$main$1513                        main
C:   00000114  A$main$1514                        main
C:   00000116  A$main$1515                        main
C:   00000118  A$main$1518                        main
C:   00000118  C$main.c$79$2$36                   main
C:   0000011A  A$main$1521                        main
C:   0000011A  C$main.c$80$2$36                   main
C:   0000011C  A$main$1525                        main
C:   0000011C  C$main.c$82$2$36                   main
C:   0000011F  A$main$1528                        main
C:   0000011F  C$main.c$83$2$36                   main
C:   00000121  A$main$1529                        main
C:   00000123  A$main$1530                        main
C:   00000125  A$main$1531                        main
C:   00000127  A$main$1532                        main
C:   00000129  A$main$1533                        main
C:   0000012B  A$main$1534                        main
C:   0000012D  A$main$1535                        main
C:   00000130  A$main$1538                        main
C:   00000130  C$main.c$84$2$36                   main
C:   00000132  A$main$1539                        main
C:   00000134  A$main$1540                        main
C:   00000136  A$main$1541                        main
C:   00000138  A$main$1542                        main
ASxxxx Linker V03.00 + NoICE + sdld,  page 34.
Hexadecimal  [32-Bits]

Area                                    Addr        Size        Decimal Bytes (Attributes)
--------------------------------        ----        ----        ------- ----- ------------
CSEG                                00000062    00000D44 =        3396. bytes (REL,CON,CODE)

      Value  Global                              Global Defined In Module
      -----  --------------------------------   ------------------------
C:   0000013A  A$main$1543                        main
C:   0000013C  A$main$1544                        main
C:   0000013E  A$main$1545                        main
C:   00000141  A$main$1548                        main
C:   00000141  C$main.c$86$2$36                   main
C:   00000143  A$main$1551                        main
C:   00000143  C$main.c$88$2$36                   main
C:   00000145  A$main$1552                        main
C:   00000147  A$main$1553                        main
C:   00000149  A$main$1554                        main
C:   0000014A  A$main$1555                        main
C:   0000014C  A$main$1556                        main
C:   0000014D  A$main$1557                        main
C:   0000014F  A$main$1562                        main
C:   0000014F  C$main.c$90$2$36                   main
C:   0000014F  C$main.c$91$2$36                   main
C:   00000150  A$main$1563                        main
C:   00000152  A$main$1564                        main
C:   00000154  A$main$1565                        main
C:   00000155  A$main$1567                        main
C:   00000156  A$main$1568                        main
C:   00000157  A$main$1569                        main
C:   00000159  A$main$1570                        main
C:   0000015A  A$main$1571                        main
C:   0000015C  A$main$1572                        main
C:   0000015D  A$main$1573                        main
C:   0000015F  A$main$1574                        main
C:   00000160  A$main$1575                        main
C:   00000161  A$main$1576                        main
C:   00000163  A$main$1577                        main
C:   00000165  A$main$1578                        main
C:   00000166  A$main$1579                        main
C:   00000168  A$main$1580                        main
C:   0000016A  A$main$1581                        main
C:   0000016B  A$main$1582                        main
C:   0000016C  A$main$1583                        main
C:   0000016D  A$main$1584                        main
C:   0000016F  A$main$1585                        main
C:   00000171  A$main$1586                        main
C:   00000173  A$main$1589                        main
C:   00000173  C$main.c$92$2$36                   main
C:   00000175  A$main$1590                        main
C:   00000176  A$main$1591                        main
C:   00000178  A$main$1592                        main
C:   00000179  A$main$1593                        main
C:   0000017B  A$main$1594                        main
C:   0000017D  A$main$1595                        main
C:   0000017F  A$main$1596                        main
C:   00000181  A$main$1597                        main
C:   00000183  A$main$1598                        main
C:   00000185  A$main$1599                        main
ASxxxx Linker V03.00 + NoICE + sdld,  page 35.
Hexadecimal  [32-Bits]

Area                                    Addr        Size        Decimal Bytes (Attributes)
--------------------------------        ----        ----        ------- ----- ------------
CSEG                                00000062    00000D44 =        3396. bytes (REL,CON,CODE)

      Value  Global                              Global Defined In Module
      -----  --------------------------------   ------------------------
C:   00000187  A$main$1600                        main
C:   00000189  A$main$1603                        main
C:   00000189  C$main.c$94$2$36                   main
C:   0000018B  A$main$1606                        main
C:   0000018B  C$main.c$95$2$36                   main
C:   0000018D  A$main$1607                        main
C:   0000018F  A$main$1608                        main
C:   00000191  A$main$1609                        main
C:   00000194  A$main$1613                        main
C:   00000194  C$main.c$97$2$36                   main
C:   00000197  A$main$1616                        main
C:   00000197  C$main.c$99$2$36                   main
C:   00000199  A$main$1617                        main
C:   0000019B  A$main$1618                        main
C:   0000019D  A$main$1619                        main
C:   0000019F  A$main$1620                        main
C:   000001A1  A$main$1621                        main
C:   000001A3  A$main$1622                        main
C:   000001A6  A$main$1623                        main
C:   000001A8  A$main$1624                        main
C:   000001AA  A$main$1625                        main
C:   000001AC  A$main$1628                        main
C:   000001AC  C$main.c$100$2$36                  main
C:   000001AE  A$main$1629                        main
C:   000001B0  A$main$1630                        main
C:   000001B2  A$main$1631                        main
C:   000001B4  A$main$1632                        main
C:   000001B6  A$main$1633                        main
C:   000001B8  A$main$1634                        main
C:   000001BB  A$main$1635                        main
C:   000001BC  A$main$1636                        main
C:   000001BE  A$main$1637                        main
C:   000001C0  A$main$1638                        main
C:   000001C2  A$main$1639                        main
C:   000001C4  A$main$1640                        main
C:   000001C6  A$main$1641                        main
C:   000001C8  A$main$1642                        main
C:   000001CA  A$main$1643                        main
C:   000001CC  A$main$1644                        main
C:   000001CE  A$main$1645                        main
C:   000001D1  A$main$1646                        main
C:   000001D3  A$main$1647                        main
C:   000001D5  A$main$1648                        main
C:   000001D7  A$main$1651                        main
C:   000001D7  C$main.c$101$2$36                  main
C:   000001D9  A$main$1652                        main
C:   000001DB  A$main$1653                        main
C:   000001DD  A$main$1654                        main
C:   000001DF  A$main$1655                        main
C:   000001E1  A$main$1656                        main
C:   000001E3  A$main$1657                        main
ASxxxx Linker V03.00 + NoICE + sdld,  page 36.
Hexadecimal  [32-Bits]

Area                                    Addr        Size        Decimal Bytes (Attributes)
[...]
C:   0000030C  A$main$1804                        main
C:   0000030F  A$main$1805                        main
C:   00000311  A$main$1806                        main
C:   00000313  A$main$1807                        main
C:   00000315  A$main$1808                        main
C:   00000317  A$main$1809                        main
C:   00000319  A$main$1810                        main
C:   0000031B  A$main$1811                        main
C:   0000031D  A$main$1812                        main
C:   0000031F  A$main$1813                        main
C:   00000321  A$main$1814                        main
C:   00000323  A$main$1815                        main
C:   00000326  A$main$1816                        main
C:   00000328  A$main$1817                        main
C:   0000032A  A$main$1818                        main
ASxxxx Linker V03.00 + NoICE + sdld,  page 39.
Hexadecimal  [32-Bits]

Area                                    Addr        Size        Decimal Bytes (Attributes)
--------------------------------        ----        ----        ------- ----- ------------
CSEG                                00000062    00000D44 =        3396. bytes (REL,CON,CODE)

      Value  Global                              Global Defined In Module
      -----  --------------------------------   ------------------------
C:   0000032C  A$main$1819                        main
C:   0000032E  A$main$1822                        main
C:   0000032E  C$main.c$105$2$36                  main
C:   0000032F  A$main$1823                        main
C:   00000330  A$main$1824                        main
C:   00000331  A$main$1825                        main
C:   00000333  A$main$1826                        main
C:   00000335  A$main$1827                        main
C:   00000337  A$main$1828                        main
C:   0000033A  A$main$1833                        main
C:   0000033A  C$main.c$111$1$35                  main
C:   0000033D  A$main$1836                        main
C:   0000033D  C$main.c$112$1$35                  main
C:   0000033D  XG$loop$0$0                        main
C:   0000033E  A$main$1851                        main
C:   0000033E  C$main.c$154$1$35                  main
C:   0000033E  C$main.c$158$1$39                  main
C:   0000033E  G$PORT_INIT$0$0                    main
C:   0000033E  _PORT_INIT                         main
C:   00000340  A$main$1854                        main
C:   00000340  C$main.c$160$1$39                  main
C:   00000343  A$main$1857                        main
C:   00000343  C$main.c$161$1$39                  main
C:   00000346  A$main$1860                        main
C:   00000346  C$main.c$162$1$39                  main
C:   00000349  A$main$1863                        main
C:   00000349  C$main.c$163$1$39                  main
C:   0000034B  A$main$1866                        main
C:   0000034B  C$main.c$165$1$39                  main
C:   0000034E  A$main$1869                        main
C:   0000034E  C$main.c$166$1$39                  main
C:   00000351  A$main$1872                        main
C:   00000351  C$main.c$167$1$39                  main
C:   00000354  A$main$1875                        main
C:   00000354  C$main.c$169$1$39                  main
C:   00000357  A$main$1878                        main
C:   00000357  C$main.c$170$1$39                  main
C:   0000035A  A$main$1881                        main
C:   0000035A  C$main.c$172$1$39                  main
C:   0000035D  A$main$1884                        main
C:   0000035D  C$main.c$173$1$39                  main
C:   00000360  A$main$1887                        main
C:   00000360  C$main.c$175$1$39                  main
C:   00000362  A$main$1890                        main
C:   00000362  C$main.c$176$1$39                  main
C:   00000362  XG$PORT_INIT$0$0                   main
C:   00000363  A$main$1906                        main
C:   00000363  C$main.c$184$1$39                  main
C:   00000363  C$main.c$190$1$41                  main
C:   00000363  G$SYSCLK_INIT$0$0                  main
C:   00000363  _SYSCLK_INIT                       main
ASxxxx Linker V03.00 + NoICE + sdld,  page 40.
Hexadecimal  [32-Bits]

Area                                    Addr        Size        Decimal Bytes (Attributes)
--------------------------------        ----        ----        ------- ----- ------------
CSEG                                00000062    00000D44 =        3396. bytes (REL,CON,CODE)

      Value  Global                              Global Defined In Module
      -----  --------------------------------   ------------------------
C:   00000365  A$main$1909                        main
C:   00000365  C$main.c$192$1$41                  main
C:   00000368  A$main$1912                        main
C:   00000368  C$main.c$193$1$41                  main
C:   0000036B  A$main$1915                        main
C:   0000036B  C$main.c$194$1$41                  main
C:   0000036D  A$main$1916                        main
C:   0000036F  A$main$1918                        main
C:   00000370  A$main$1919                        main
C:   00000373  A$main$1920                        main
C:   00000374  A$main$1922                        main
C:   00000375  A$main$1923                        main
C:   00000376  A$main$1924                        main
C:   00000378  A$main$1928                        main
C:   00000378  C$main.c$195$1$41                  main
C:   0000037A  A$main$1929                        main
C:   0000037D  A$main$1932                        main
C:   0000037D  C$main.c$196$1$41                  main
C:   00000380  A$main$1935                        main
C:   00000380  C$main.c$197$1$41                  main
C:   00000383  A$main$1938                        main
C:   00000383  C$main.c$199$1$41                  main
C:   00000386  A$main$1941                        main
C:   00000386  C$main.c$200$1$41                  main
C:   00000389  A$main$1944                        main
C:   00000389  C$main.c$201$1$41                  main
C:   0000038C  A$main$1947                        main
C:   0000038C  C$main.c$202$1$41                  main
C:   0000038F  A$main$1950                        main
C:   0000038F  C$main.c$203$1$41                  main
C:   00000392  A$main$1953                        main
C:   00000392  C$main.c$204$1$41                  main
C:   00000395  A$main$1956                        main
C:   00000395  C$main.c$205$1$41                  main
C:   00000398  A$main$1959                        main
C:   00000398  C$main.c$206$1$41                  main
C:   0000039B  A$main$1962                        main
C:   0000039B  C$main.c$207$1$41                  main
C:   0000039E  A$main$1965                        main
C:   0000039E  C$main.c$208$1$41                  main
C:   000003A0  A$main$1966                        main
C:   000003A2  A$main$1968                        main
C:   000003A3  A$main$1969                        main
C:   000003A6  A$main$1970                        main
C:   000003A7  A$main$1972                        main
C:   000003A8  A$main$1973                        main
C:   000003A9  A$main$1974                        main
C:   000003AB  A$main$1977                        main
C:   000003AB  C$main.c$209$1$41                  main
C:   000003AE  A$main$1981                        main
C:   000003AE  C$main.c$210$1$41                  main
ASxxxx Linker V03.00 + NoICE + sdld,  page 41.
Hexadecimal  [32-Bits]

Area                                    Addr        Size        Decimal Bytes (Attributes)
--------------------------------        ----        ----        ------- ----- ------------
CSEG                                00000062    00000D44 =        3396. bytes (REL,CON,CODE)

      Value  Global                              Global Defined In Module
      -----  --------------------------------   ------------------------
C:   000003B0  A$main$1982                        main
C:   000003B3  A$main$1985                        main
C:   000003B3  C$main.c$211$1$41                  main
C:   000003B6  A$main$1988                        main
C:   000003B6  C$main.c$213$1$41                  main
C:   000003B8  A$main$1991                        main
C:   000003B8  C$main.c$214$1$41                  main
C:   000003BB  A$main$1994                        main
C:   000003BB  C$main.c$216$1$41                  main
C:   000003BE  A$main$1997                        main
C:   000003BE  C$main.c$217$1$41                  main
C:   000003C1  A$main$2000                        main
C:   000003C1  C$main.c$218$1$41                  main
C:   000003C4  A$main$2003                        main
C:   000003C4  C$main.c$220$1$41                  main
C:   000003C7  A$main$2006                        main
C:   000003C7  C$main.c$221$1$41                  main
C:   000003CA  A$main$2009                        main
C:   000003CA  C$main.c$223$1$41                  main
C:   000003CC  A$main$2012                        main
C:   000003CC  C$main.c$224$1$41                  main
C:   000003CC  XG$SYSCLK_INIT$0$0                 main
C:   000003CD  A$main$2027                        main
C:   000003CD  C$main.c$233$1$41                  main
C:   000003CD  C$main.c$237$1$43                  main
C:   000003CD  G$UART0_INIT$0$0                   main
C:   000003CD  _UART0_INIT                        main
C:   000003CF  A$main$2030                        main
C:   000003CF  C$main.c$239$1$43                  main
C:   000003D2  A$main$2033                        main
C:   000003D2  C$main.c$240$1$43                  main
C:   000003D4  A$main$2034                        main
C:   000003D6  A$main$2035                        main
C:   000003D7  A$main$2036                        main
C:   000003D9  A$main$2039                        main
C:   000003D9  C$main.c$241$1$43                  main
C:   000003DC  A$main$2042                        main
C:   000003DC  C$main.c$242$1$43                  main
C:   000003DF  A$main$2045                        main
C:   000003DF  C$main.c$243$1$43                  main
C:   000003E2  A$main$2048                        main
C:   000003E2  C$main.c$244$1$43                  main
C:   000003E5  A$main$2051                        main
C:   000003E5  C$main.c$245$1$43                  main
C:   000003E7  A$main$2054                        main
C:   000003E7  C$main.c$247$1$43                  main
C:   000003EA  A$main$2057                        main
C:   000003EA  C$main.c$248$1$43                  main
C:   000003ED  A$main$2060                        main
C:   000003ED  C$main.c$249$1$43                  main
C:   000003F0  A$main$2063                        main
ASxxxx Linker V03.00 + NoICE + sdld,  page 42.
Hexadecimal  [32-Bits]

Area                                    Addr        Size        Decimal Bytes (Attributes)
--------------------------------        ----        ----        ------- ----- ------------
CSEG                                00000062    00000D44 =        3396. bytes (REL,CON,CODE)

      Value  Global                              Global Defined In Module
      -----  --------------------------------   ------------------------
C:   000003F0  C$main.c$250$1$43                  main
C:   000003F2  A$main$2066                        main
C:   000003F2  C$main.c$252$1$43                  main
C:   000003F4  A$main$2069                        main
C:   000003F4  C$main.c$253$1$43                  main
C:   000003F4  XG$UART0_INIT$0$0                  main
C:   000003F5  A$main$2084                        main
C:   000003F5  C$main.c$255$1$43                  main
C:   000003F5  C$main.c$259$1$45                  main
C:   000003F5  G$ADC_INIT$0$0                     main
C:   000003F5  _ADC_INIT                          main
C:   000003F7  A$main$2087                        main
C:   000003F7  C$main.c$261$1$45                  main
C:   000003FA  A$main$2090                        main
C:   000003FA  C$main.c$264$1$45                  main
C:   000003FD  A$main$2093                        main
C:   000003FD  C$main.c$265$1$45                  main
C:   00000400  A$main$2096                        main
C:   00000400  C$main.c$268$1$45                  main
C:   00000403  A$main$2099                        main
C:   00000403  C$main.c$269$1$45                  main
C:   00000406  A$main$2102                        main
C:   00000406  C$main.c$272$1$45                  main
C:   00000408  A$main$2105                        main
C:   00000408  C$main.c$273$1$45                  main
C:   0000040B  A$main$2108                        main
C:   0000040B  C$main.c$276$1$45                  main
C:   0000040D  A$main$2111                        main
C:   0000040D  C$main.c$278$1$45                  main
C:   00000410  A$main$2112                        main
C:   00000413  A$main$2115                        main
C:   00000413  C$main.c$280$1$45                  main
C:   00000416  A$main$2118                        main
C:   00000416  C$main.c$282$1$45                  main
C:   00000418  A$main$2121                        main
C:   00000418  C$main.c$283$1$45                  main
C:   00000418  XG$ADC_INIT$0$0                    main
C:   00000419  ___fssub                           _fssub
C:   00000424  ___fsmul                           _fsmul
C:   000004C7  fsgetargs                          _fsget2args
C:   000004F5  fs_normalize_a                     _fsnormalize
C:   00000528  __gptrput                          _gptrput
C:   00000543  ___fsadd                           _fsadd
C:   00000546  fsadd_direct_entry                 _fsadd
C:   0000059C  ___uint2fs                         _uint2fs
C:   000005A8  ___fs2uint                         _fs2uint
C:   000005B3  fs_round_and_return                _fsreturnval
C:   000005CB  fs_zerocheck_return                _fsreturnval
C:   000005D4  fs_return_zero                     _fsreturnval
C:   000005DC  fs_direct_return                   _fsreturnval
C:   000005EA  fs_return_inf                      _fsreturnval
ASxxxx Linker V03.00 + NoICE + sdld,  page 43.
Hexadecimal  [32-Bits]

Area                                    Addr        Size        Decimal Bytes (Attributes)
--------------------------------        ----        ----        ------- ----- ------------
CSEG                                00000062    00000D44 =        3396. bytes (REL,CON,CODE)

      Value  Global                              Global Defined In Module
      -----  --------------------------------   ------------------------
C:   000005F7  fs_return_nan                      _fsreturnval
C:   0000060D  _vprintf                           vprintf
C:   00000626  _printf                            vprintf
C:   000006F8  __print_format                     printf_large
C:   00000C02  fs_swap_a_b                        _fsswapargs
C:   00000C1C  _strlen                            _strlen
C:   00000C34  ___fsdiv                           _fsdiv
C:   00000CF7  __gptrget                          _gptrget
C:   00000D13  ___ulong2fs                        _ulong2fs
C:   00000D1C  ulong2fs_doit                      _ulong2fs
C:   00000D26  fs_rshift_a                        _fsrshift
C:   00000D69  __sdcc_external_startup            _startup
C:   00000D6D  ___fs2ulong                        _fs2ulong
C:   00000D6F  fs2ulong_begin                     _fs2ulong
C:   00000D94  fsgetarg                           _fsget1arg

ASxxxx Linker V03.00 + NoICE + sdld,  page 44.
Hexadecimal  [32-Bits]

Area                                    Addr        Size        Decimal Bytes (Attributes)
--------------------------------        ----        ----        ------- ----- ------------
CONST                               00000DA6    00000076 =         118. bytes (REL,CON,CODE)

      Value  Global                              Global Defined In Module
      -----  --------------------------------   ------------------------
C:   00000DA6  Fmain$__str_0$0$0                  main
C:   00000DAE  Fmain$__str_1$0$0                  main
C:   00000DC1  Fmain$__str_2$0$0                  main
C:   00000DC9  Fmain$__str_3$0$0                  main
C:   00000DDB  Fmain$__str_4$0$0                  main
C:   00000DED  Fmain$__str_5$0$0                  main
C:   00000DFF  Fmain$__str_6$0$0                  main
C:   00000E0E  Fmain$__str_7$0$0                  main

ASxxxx Linker V03.00 + NoICE + sdld,  page 45.

Files Linked                              [ module(s) ]

C:\Users\me\Dropbox\Microprocessor Systems\Lab 4\main.rel
                                          [  ]


Libraries Linked                          [ object file ]

C:\Program Files\SDCC\bin\..\lib\small/libfloat.lib
                                          [ _fssub.rel ]
C:\Program Files\SDCC\bin\..\lib\small/libfloat.lib
                                          [ _fsmul.rel ]
C:\Program Files\SDCC\bin\..\lib\small/libfloat.lib
                                          [ _fsget2args.rel ]
C:\Program Files\SDCC\bin\..\lib\small/mcs51.lib
                                          [ crtclear.rel ]
C:\Program Files\SDCC\bin\..\lib\small/libfloat.lib
                                          [ _fsnormalize.rel ]
C:\Program Files\SDCC\bin\..\lib\small/mcs51.lib
                                          [ crtxinit.rel ]
C:\Program Files\SDCC\bin\..\lib\small/libsdcc.lib
                                          [ _gptrput.rel ]
C:\Program Files\SDCC\bin\..\lib\small/libfloat.lib
                                          [ _fsadd.rel ]
C:\Program Files\SDCC\bin\..\lib\small/mcs51.lib
                                          [ crtxclear.rel ]
C:\Program Files\SDCC\bin\..\lib\small/libfloat.lib
                                          [ _uint2fs.rel ]
C:\Program Files\SDCC\bin\..\lib\small/libfloat.lib
                                          [ _fs2uint.rel ]
C:\Program Files\SDCC\bin\..\lib\small/libfloat.lib
                                          [ _fsreturnval.rel ]
C:\Program Files\SDCC\bin\..\lib\small/libsdcc.lib
                                          [ vprintf.rel ]
C:\Program Files\SDCC\bin\..\lib\small/libsdcc.lib
                                          [ printf_large.rel ]
C:\Program Files\SDCC\bin\..\lib\small/libfloat.lib
                                          [ _fsswapargs.rel ]
C:\Program Files\SDCC\bin\..\lib\small/libsdcc.lib
                                          [ _strlen.rel ]
C:\Program Files\SDCC\bin\..\lib\small/libfloat.lib
                                          [ _fsdiv.rel ]
C:\Program Files\SDCC\bin\..\lib\small/mcs51.lib
                                          [ crtstart.rel ]
C:\Program Files\SDCC\bin\..\lib\small/libsdcc.lib
                                          [ _gptrget.rel ]
C:\Program Files\SDCC\bin\..\lib\small/libfloat.lib
                                          [ _ulong2fs.rel ]
C:\Program Files\SDCC\bin\..\lib\small/libfloat.lib
                                          [ _fsrshift.rel ]
C:\Program Files\SDCC\bin\..\lib\small/libsdcc.lib
                                          [ _startup.rel ]
C:\Program Files\SDCC\bin\..\lib\small/libfloat.lib
                                          [ _fs2ulong.rel ]
C:\Program Files\SDCC\bin\..\lib\small/libsdcc.lib
                                          [ _bp.rel ]
C:\Program Files\SDCC\bin\..\lib\small/libfloat.lib
                                          [ _fsget1arg.rel ]

ASxxxx Linker V03.00 + NoICE + sdld,  page 46.

User Base Address Definitions

HOME = 0x0000
XSEG = 0x0001
PSEG = 0x0001
ISEG = 0x0000
BSEG = 0x0000

