ASxxxx Linker V03.00 + NoICE + sdld,  page 1.
Hexadecimal  [32-Bits]

Area                                    Addr        Size        Decimal Bytes (Attributes)
--------------------------------        ----        ----        ------- ----- ------------
CABS                                00000000    00000000 =           0. bytes (ABS,CON,CODE)

      Value  Global                              Global Defined In Module
      -----  --------------------------------   ------------------------
C:   00000000  l_BIT_BANK                      
C:   00000000  l_CABS                          
C:   00000000  l_GSINIT1                       
C:   00000000  l_GSINIT5                       
C:   00000000  l_IABS                          
C:   00000000  l_PSEG                          
C:   00000000  l_REG_BANK_1                    
C:   00000000  l_REG_BANK_2                    
C:   00000000  l_REG_BANK_3                    
C:   00000000  l_RSEG                          
C:   00000000  l_RSEG0                         
C:   00000000  l_RSEG1                         
C:   00000000  l_XABS                          
C:   00000000  l_XINIT                         
C:   00000000  l_XISEG                         
C:   00000000  l_XSEG                          
C:   00000000  l__CODE                         
C:   00000000  s_BSEG                          
C:   00000000  s_CABS                          
C:   00000000  s_DSEG                          
C:   00000000  s_HOME                          
C:   00000000  s_IABS                          
C:   00000000  s_REG_BANK_0                    
C:   00000000  s_RSEG                          
C:   00000000  s_RSEG0                         
C:   00000000  s_RSEG1                         
C:   00000000  s_XABS                          
C:   00000001  s_PSEG                          
C:   00000001  s_XISEG                         
C:   00000001  s_XSEG                          
C:   00000002  l_BSEG_BYTES                    
C:   00000003  l_GSFINAL                       
C:   00000003  l_GSINIT0                       
C:   00000006  l_ISEG                          
C:   00000006  l_OSEG                          
C:   00000008  l_REG_BANK_0                    
C:   00000008  s_REG_BANK_1                    
C:   0000000A  l_GSINIT2                       
C:   0000000A  s_OSEG                          
C:   0000000C  l_BSEG                          
C:   00000010  s_ISEG                          
C:   00000010  s_REG_BANK_2                    
C:   00000011  l_HOME                          
C:   00000011  s_GSINIT0                       
C:   00000014  s_GSINIT1                       
C:   00000014  s_GSINIT2                       
C:   00000018  s_BIT_BANK                      
C:   00000018  s_REG_BANK_3                    
C:   0000001E  s_GSINIT3                       
C:   00000020  s_BSEG_BYTES                    
ASxxxx Linker V03.00 + NoICE + sdld,  page 2.
Hexadecimal  [32-Bits]

Area                                    Addr        Size        Decimal Bytes (Attributes)
--------------------------------        ----        ----        ------- ----- ------------
CABS                                00000000    00000000 =           0. bytes (ABS,CON,CODE)

      Value  Global                              Global Defined In Module
      -----  --------------------------------   ------------------------
C:   00000020  s__CODE                         
C:   00000022  l_GSINIT3                       
C:   0000002A  l_GSINIT4                       
C:   00000040  s_GSINIT4                       
C:   0000006A  s_GSINIT                        
C:   0000006A  s_GSINIT5                       
C:   00000076  l_DSEG                          
C:   0000007A  s_SSEG                          
C:   0000007D  l_GSINIT                        
C:   00000086  l_SSEG                          
C:   000000E7  s_GSFINAL                       
C:   000000EA  s_CSEG                          
C:   00000100  l_IRAM                          
C:   00000146  l_CONST                         
C:   000010A0  l_CSEG                          
C:   0000118A  s_CONST                         
C:   000012D0  s_XINIT                         

ASxxxx Linker V03.00 + NoICE + sdld,  page 3.
Hexadecimal  [32-Bits]

Area                                    Addr        Size        Decimal Bytes (Attributes)
--------------------------------        ----        ----        ------- ----- ------------
.  .ABS.                            00000000    00000000 =           0. bytes (ABS,CON)

      Value  Global                              Global Defined In Module
      -----  --------------------------------   ------------------------
     00000000  .__.ABS.                           _bp
     00000080  G$P0$0$0                           LCD
     00000080  G$P0_0$0$0                         LCD
     00000080  _P0                                LCD
     00000080  _P0_0                              LCD
     00000081  G$P0_1$0$0                         LCD
     00000081  G$SP$0$0                           LCD
     00000081  _P0_1                              LCD
     00000081  _SP                                LCD
     00000082  G$DPL$0$0                          LCD
     00000082  G$P0_2$0$0                         LCD
     00000082  _DPL                               LCD
     00000082  _P0_2                              LCD
     00000083  G$DPH$0$0                          LCD
     00000083  G$P0_3$0$0                         LCD
     00000083  _DPH                               LCD
     00000083  _P0_3                              LCD
     00000084  G$P0_4$0$0                         LCD
     00000084  G$SFRPAGE$0$0                      LCD
     00000084  _P0_4                              LCD
     00000084  _SFRPAGE                           LCD
     00000085  G$P0_5$0$0                         LCD
     00000085  G$SFRNEXT$0$0                      LCD
     00000085  _P0_5                              LCD
     00000085  _SFRNEXT                           LCD
     00000086  G$P0_6$0$0                         LCD
     00000086  G$SFRLAST$0$0                      LCD
     00000086  _P0_6                              LCD
     00000086  _SFRLAST                           LCD
     00000087  G$P0_7$0$0                         LCD
     00000087  G$PCON$0$0                         LCD
     00000087  _P0_7                              LCD
     00000087  _PCON                              LCD
     00000088  G$CP0HYN0$0$0                      LCD
     00000088  G$CP1HYN0$0$0                      LCD
     00000088  G$CPT0CN$0$0                       LCD
     00000088  G$CPT1CN$0$0                       LCD
     00000088  G$FLHBUSY$0$0                      LCD
     00000088  G$FLSTAT$0$0                       LCD
     00000088  G$IT0$0$0                          LCD
     00000088  G$TCON$0$0                         LCD
     00000088  _CP0HYN0                           LCD
     00000088  _CP1HYN0                           LCD
     00000088  _CPT0CN                            LCD
     00000088  _CPT1CN                            LCD
     00000088  _FLHBUSY                           LCD
     00000088  _FLSTAT                            LCD
     00000088  _IT0                               LCD
     00000088  _TCON                              LCD
     00000089  G$CP0HYN1$0$0                      LCD
ASxxxx Linker V03.00 + NoICE + sdld,  page 4.
Hexadecimal  [32-Bits]

Area                                    Addr        Size        Decimal Bytes (Attributes)
--------------------------------        ----        ----        ------- ----- ------------
.  .ABS.                            00000000    00000000 =           0. bytes (ABS,CON)

      Value  Global                              Global Defined In Module
      -----  --------------------------------   ------------------------
     00000089  G$CP1HYN1$0$0                      LCD
     00000089  G$CPT0MD$0$0                       LCD
     00000089  G$CPT1MD$0$0                       LCD
     00000089  G$IE0$0$0                          LCD
     00000089  G$PLL0CN$0$0                       LCD
     00000089  G$TMOD$0$0                         LCD
     00000089  _CP0HYN1                           LCD
     00000089  _CP1HYN1                           LCD
     00000089  _CPT0MD                            LCD
     00000089  _CPT1MD                            LCD
     00000089  _IE0                               LCD
     00000089  _PLL0CN                            LCD
     00000089  _TMOD                              LCD
     0000008A  G$CP0HYP0$0$0                      LCD
     0000008A  G$CP1HYP0$0$0                      LCD
     0000008A  G$IT1$0$0                          LCD
     0000008A  G$OSCICN$0$0                       LCD
     0000008A  G$TL0$0$0                          LCD
     0000008A  _CP0HYP0                           LCD
     0000008A  _CP1HYP0                           LCD
     0000008A  _IT1                               LCD
     0000008A  _OSCICN                            LCD
     0000008A  _TL0                               LCD
     0000008B  G$CP0HYP1$0$0                      LCD
     0000008B  G$CP1HYP1$0$0                      LCD
     0000008B  G$IE1$0$0                          LCD
     0000008B  G$OSCICL$0$0                       LCD
     0000008B  G$TL1$0$0                          LCD
     0000008B  _CP0HYP1                           LCD
     0000008B  _CP1HYP1                           LCD
     0000008B  _IE1                               LCD
     0000008B  _OSCICL                            LCD
     0000008B  _TL1                               LCD
     0000008C  G$CP0FIF$0$0                       LCD
     0000008C  G$CP1FIF$0$0                       LCD
     0000008C  G$OSCXCN$0$0                       LCD
     0000008C  G$TH0$0$0                          LCD
     0000008C  G$TR0$0$0                          LCD
     0000008C  _CP0FIF                            LCD
     0000008C  _CP1FIF                            LCD
     0000008C  _OSCXCN                            LCD
     0000008C  _TH0                               LCD
     0000008C  _TR0                               LCD
     0000008D  G$CP0RIF$0$0                       LCD
     0000008D  G$CP1RIF$0$0                       LCD
     0000008D  G$PLL0DIV$0$0                      LCD
     0000008D  G$TF0$0$0                          LCD
     0000008D  G$TH1$0$0                          LCD
     0000008D  _CP0RIF                            LCD
     0000008D  _CP1RIF                            LCD
     0000008D  _PLL0DIV                           LCD
ASxxxx Linker V03.00 + NoICE + sdld,  page 5.
Hexadecimal  [32-Bits]

Area                                    Addr        Size        Decimal Bytes (Attributes)
--------------------------------        ----        ----        ------- ----- ------------
.  .ABS.                            00000000    00000000 =           0. bytes (ABS,CON)

      Value  Global                              Global Defined In Module
      -----  --------------------------------   ------------------------
     0000008D  _TF0                               LCD
     0000008D  _TH1                               LCD
     0000008E  G$CKCON$0$0                        LCD
     0000008E  G$CP0OUT$0$0                       LCD
     0000008E  G$CP1OUT$0$0                       LCD
     0000008E  G$PLL0MUL$0$0                      LCD
     0000008E  G$TR1$0$0                          LCD
     0000008E  _CKCON                             LCD
     0000008E  _CP0OUT                            LCD
     0000008E  _CP1OUT                            LCD
     0000008E  _PLL0MUL                           LCD
     0000008E  _TR1                               LCD
     0000008F  G$CP0EN$0$0                        LCD
     0000008F  G$CP1EN$0$0                        LCD
     0000008F  G$PLL0FLT$0$0                      LCD
     0000008F  G$PSCTL$0$0                        LCD
     0000008F  G$TF1$0$0                          LCD
     0000008F  _CP0EN                             LCD
     0000008F  _CP1EN                             LCD
     0000008F  _PLL0FLT                           LCD
     0000008F  _PSCTL                             LCD
     0000008F  _TF1                               LCD
     00000090  G$P1$0$0                           LCD
     00000090  G$P1_0$0$0                         LCD
     00000090  _P1                                LCD
     00000090  _P1_0                              LCD
     00000091  G$MAC0BL$0$0                       LCD
     00000091  G$P1_1$0$0                         LCD
     00000091  G$SSTA0$0$0                        LCD
     00000091  _MAC0BL                            LCD
     00000091  _P1_1                              LCD
     00000091  _SSTA0                             LCD
     00000092  G$MAC0BH$0$0                       LCD
     00000092  G$P1_2$0$0                         LCD
     00000092  _MAC0BH                            LCD
     00000092  _P1_2                              LCD
     00000093  G$MAC0ACC0$0$0                     LCD
     00000093  G$P1_3$0$0                         LCD
     00000093  _MAC0ACC0                          LCD
     00000093  _P1_3                              LCD
     00000094  G$MAC0ACC1$0$0                     LCD
     00000094  G$P1_4$0$0                         LCD
     00000094  _MAC0ACC1                          LCD
     00000094  _P1_4                              LCD
     00000095  G$MAC0ACC2$0$0                     LCD
     00000095  G$P1_5$0$0                         LCD
     00000095  _MAC0ACC2                          LCD
     00000095  _P1_5                              LCD
     00000096  G$MAC0ACC3$0$0                     LCD
     00000096  G$P1_6$0$0                         LCD
     00000096  G$SFRPGCN$0$0                      LCD
ASxxxx Linker V03.00 + NoICE + sdld,  page 6.
Hexadecimal  [32-Bits]

Area                                    Addr        Size        Decimal Bytes (Attributes)
--------------------------------        ----        ----        ------- ----- ------------
.  .ABS.                            00000000    00000000 =           0. bytes (ABS,CON)

      Value  Global                              Global Defined In Module
      -----  --------------------------------   ------------------------
     00000096  _MAC0ACC3                          LCD
     00000096  _P1_6                              LCD
     00000096  _SFRPGCN                           LCD
     00000097  G$CLKSEL$0$0                       LCD
     00000097  G$MAC0OVR$0$0                      LCD
     00000097  G$P1_7$0$0                         LCD
     00000097  _CLKSEL                            LCD
     00000097  _MAC0OVR                           LCD
     00000097  _P1_7                              LCD
     00000098  G$RI$0$0                           LCD
     00000098  G$RI0$0$0                          LCD
     00000098  G$RI1$0$0                          LCD
     00000098  G$SCON$0$0                         LCD
     00000098  G$SCON0$0$0                        LCD
     00000098  G$SCON1$0$0                        LCD
     00000098  _RI                                LCD
     00000098  _RI0                               LCD
     00000098  _RI1                               LCD
     00000098  _SCON                              LCD
     00000098  _SCON0                             LCD
     00000098  _SCON1                             LCD
     00000099  G$SBUF$0$0                         LCD
     00000099  G$SBUF0$0$0                        LCD
     00000099  G$SBUF1$0$0                        LCD
     00000099  G$TI$0$0                           LCD
     00000099  G$TI0$0$0                          LCD
     00000099  G$TI1$0$0                          LCD
     00000099  _SBUF                              LCD
     00000099  _SBUF0                             LCD
     00000099  _SBUF1                             LCD
     00000099  _TI                                LCD
     00000099  _TI0                               LCD
     00000099  _TI1                               LCD
     0000009A  G$CCH0MA$0$0                       LCD
     0000009A  G$RB80$0$0                         LCD
     0000009A  G$RB81$0$0                         LCD
     0000009A  G$SPI0CFG$0$0                      LCD
     0000009A  _CCH0MA                            LCD
     0000009A  _RB80                              LCD
     0000009A  _RB81                              LCD
     0000009A  _SPI0CFG                           LCD
     0000009B  G$SPI0DAT$0$0                      LCD
     0000009B  G$TB80$0$0                         LCD
     0000009B  G$TB81$0$0                         LCD
     0000009B  _SPI0DAT                           LCD
     0000009B  _TB80                              LCD
     0000009B  _TB81                              LCD
     0000009C  G$P4MDOUT$0$0                      LCD
     0000009C  G$REN$0$0                          LCD
     0000009C  G$REN0$0$0                         LCD
     0000009C  G$REN1$0$0                         LCD
ASxxxx Linker V03.00 + NoICE + sdld,  page 7.
Hexadecimal  [32-Bits]

Area                                    Addr        Size        Decimal Bytes (Attributes)
--------------------------------        ----        ----        ------- ----- ------------
.  .ABS.                            00000000    00000000 =           0. bytes (ABS,CON)

      Value  Global                              Global Defined In Module
      -----  --------------------------------   ------------------------
     0000009C  _P4MDOUT                           LCD
     0000009C  _REN                               LCD
     0000009C  _REN0                              LCD
     0000009C  _REN1                              LCD
     0000009D  G$MCE1$0$0                         LCD
     0000009D  G$P5MDOUT$0$0                      LCD
     0000009D  G$SM20$0$0                         LCD
     0000009D  G$SPI0CKR$0$0                      LCD
     0000009D  _MCE1                              LCD
     0000009D  _P5MDOUT                           LCD
     0000009D  _SM20                              LCD
     0000009D  _SPI0CKR                           LCD
     0000009E  G$P6MDOUT$0$0                      LCD
     0000009E  G$SM10$0$0                         LCD
     0000009E  _P6MDOUT                           LCD
     0000009E  _SM10                              LCD
     0000009F  G$P7MDOUT$0$0                      LCD
     0000009F  G$S1MODE$0$0                       LCD
     0000009F  G$SM00$0$0                         LCD
     0000009F  _P7MDOUT                           LCD
     0000009F  _S1MODE                            LCD
     0000009F  _SM00                              LCD
     000000A0  G$P2$0$0                           LCD
     000000A0  G$P2_0$0$0                         LCD
     000000A0  _P2                                LCD
     000000A0  _P2_0                              LCD
     000000A1  G$CCH0CN$0$0                       LCD
     000000A1  G$EMI0TC$0$0                       LCD
     000000A1  G$P2_1$0$0                         LCD
     000000A1  _CCH0CN                            LCD
     000000A1  _EMI0TC                            LCD
     000000A1  _P2_1                              LCD
     000000A2  G$CCH0TN$0$0                       LCD
     000000A2  G$EMI0CN$0$0                       LCD
     000000A2  G$P2_2$0$0                         LCD
     000000A2  G$_XPAGE$0$0                       LCD
     000000A2  _CCH0TN                            LCD
     000000A2  _EMI0CN                            LCD
     000000A2  _P2_2                              LCD
     000000A2  __XPAGE                            LCD
     000000A3  G$CCH0LC$0$0                       LCD
     000000A3  G$EMI0CF$0$0                       LCD
     000000A3  G$P2_3$0$0                         LCD
     000000A3  _CCH0LC                            LCD
     000000A3  _EMI0CF                            LCD
     000000A3  _P2_3                              LCD
     000000A4  G$P0MDOUT$0$0                      LCD
     000000A4  G$P2_4$0$0                         LCD
     000000A4  _P0MDOUT                           LCD
     000000A4  _P2_4                              LCD
     000000A5  G$P1MDOUT$0$0                      LCD
ASxxxx Linker V03.00 + NoICE + sdld,  page 8.
Hexadecimal  [32-Bits]

Area                                    Addr        Size        Decimal Bytes (Attributes)
--------------------------------        ----        ----        ------- ----- ------------
.  .ABS.                            00000000    00000000 =           0. bytes (ABS,CON)

      Value  Global                              Global Defined In Module
      -----  --------------------------------   ------------------------
     000000A5  G$P2_5$0$0                         LCD
     000000A5  _P1MDOUT                           LCD
     000000A5  _P2_5                              LCD
     000000A6  G$P2MDOUT$0$0                      LCD
     000000A6  G$P2_6$0$0                         LCD
     000000A6  _P2MDOUT                           LCD
     000000A6  _P2_6                              LCD
     000000A7  G$P2_7$0$0                         LCD
     000000A7  G$P3MDOUT$0$0                      LCD
     000000A7  _P2_7                              LCD
     000000A7  _P3MDOUT                           LCD
     000000A8  G$EX0$0$0                          LCD
     000000A8  G$IE$0$0                           LCD
     000000A8  _EX0                               LCD
     000000A8  _IE                                LCD
     000000A9  G$ET0$0$0                          LCD
     000000A9  G$SADDR0$0$0                       LCD
     000000A9  _ET0                               LCD
     000000A9  _SADDR0                            LCD
     000000AA  G$EX1$0$0                          LCD
     000000AA  _EX1                               LCD
     000000AB  G$ET1$0$0                          LCD
     000000AB  _ET1                               LCD
     000000AC  G$ES$0$0                           LCD
     000000AC  G$ES0$0$0                          LCD
     000000AC  _ES                                LCD
     000000AC  _ES0                               LCD
     000000AD  G$ET2$0$0                          LCD
     000000AD  G$P1MDIN$0$0                       LCD
     000000AD  _ET2                               LCD
     000000AD  _P1MDIN                            LCD
     000000AF  G$EA$0$0                           LCD
     000000AF  _EA                                LCD
     000000B0  G$P3$0$0                           LCD
     000000B0  G$P3_0$0$0                         LCD
     000000B0  _P3                                LCD
     000000B0  _P3_0                              LCD
     000000B1  G$P3_1$0$0                         LCD
     000000B1  G$PSBANK$0$0                       LCD
     000000B1  _P3_1                              LCD
     000000B1  _PSBANK                            LCD
     000000B2  G$P3_2$0$0                         LCD
     000000B2  _P3_2                              LCD
     000000B3  G$P3_3$0$0                         LCD
     000000B3  _P3_3                              LCD
     000000B4  G$P3_4$0$0                         LCD
     000000B4  _P3_4                              LCD
     000000B5  G$P3_5$0$0                         LCD
     000000B5  _P3_5                              LCD
     000000B6  G$P3_6$0$0                         LCD
     000000B6  _P3_6                              LCD
ASxxxx Linker V03.00 + NoICE + sdld,  page 9.
Hexadecimal  [32-Bits]

Area                                    Addr        Size        Decimal Bytes (Attributes)
--------------------------------        ----        ----        ------- ----- ------------
.  .ABS.                            00000000    00000000 =           0. bytes (ABS,CON)

      Value  Global                              Global Defined In Module
      -----  --------------------------------   ------------------------
     000000B7  G$FLACL$0$0                        LCD
     000000B7  G$FLSCL$0$0                        LCD
     000000B7  G$P3_7$0$0                         LCD
     000000B7  _FLACL                             LCD
     000000B7  _FLSCL                             LCD
     000000B7  _P3_7                              LCD
     000000B8  G$IP$0$0                           LCD
     000000B8  G$PX0$0$0                          LCD
     000000B8  _IP                                LCD
     000000B8  _PX0                               LCD
     000000B9  G$PT0$0$0                          LCD
     000000B9  G$SADEN0$0$0                       LCD
     000000B9  _PT0                               LCD
     000000B9  _SADEN0                            LCD
     000000BA  G$AMX0CF$0$0                       LCD
     000000BA  G$AMX2CF$0$0                       LCD
     000000BA  G$PX1$0$0                          LCD
     000000BA  _AMX0CF                            LCD
     000000BA  _AMX2CF                            LCD
     000000BA  _PX1                               LCD
     000000BB  G$AMX0SL$0$0                       LCD
     000000BB  G$AMX2SL$0$0                       LCD
     000000BB  G$PT1$0$0                          LCD
     000000BB  _AMX0SL                            LCD
     000000BB  _AMX2SL                            LCD
     000000BB  _PT1                               LCD
     000000BC  G$ADC0CF$0$0                       LCD
     000000BC  G$ADC2CF$0$0                       LCD
     000000BC  G$PS$0$0                           LCD
     000000BC  G$PS0$0$0                          LCD
     000000BC  _ADC0CF                            LCD
     000000BC  _ADC2CF                            LCD
     000000BC  _PS                                LCD
     000000BC  _PS0                               LCD
     000000BD  G$PT2$0$0                          LCD
     000000BD  _PT2                               LCD
     000000BE  G$ADC0L$0$0                        LCD
     000000BE  G$ADC2$0$0                         LCD
     000000BE  _ADC0L                             LCD
     000000BE  _ADC2                              LCD
     000000BF  G$ADC0H$0$0                        LCD
     000000BF  _ADC0H                             LCD
     000000C0  G$MAC0N$0$0                        LCD
     000000C0  G$MAC0STA$0$0                      LCD
     000000C0  G$SMB0CN$0$0                       LCD
     000000C0  G$SMBTOE$0$0                       LCD
     000000C0  _MAC0N                             LCD
     000000C0  _MAC0STA                           LCD
     000000C0  _SMB0CN                            LCD
     000000C0  _SMBTOE                            LCD
     000000C1  G$MAC0AL$0$0                       LCD
ASxxxx Linker V03.00 + NoICE + sdld,  page 10.
Hexadecimal  [32-Bits]

Area                                    Addr        Size        Decimal Bytes (Attributes)
--------------------------------        ----        ----        ------- ----- ------------
.  .ABS.                            00000000    00000000 =           0. bytes (ABS,CON)

      Value  Global                              Global Defined In Module
      -----  --------------------------------   ------------------------
     000000C1  G$MAC0SO$0$0                       LCD
     000000C1  G$SMB0STA$0$0                      LCD
     000000C1  G$SMBFTE$0$0                       LCD
     000000C1  _MAC0AL                            LCD
     000000C1  _MAC0SO                            LCD
     000000C1  _SMB0STA                           LCD
     000000C1  _SMBFTE                            LCD
     000000C2  G$AA$0$0                           LCD
     000000C2  G$MAC0AH$0$0                       LCD
     000000C2  G$MAC0Z$0$0                        LCD
     000000C2  G$SMB0DAT$0$0                      LCD
     000000C2  _AA                                LCD
     000000C2  _MAC0AH                            LCD
     000000C2  _MAC0Z                             LCD
     000000C2  _SMB0DAT                           LCD
     000000C3  G$MAC0CF$0$0                       LCD
     000000C3  G$MAC0HO$0$0                       LCD
     000000C3  G$SI$0$0                           LCD
     000000C3  G$SMB0ADR$0$0                      LCD
     000000C3  _MAC0CF                            LCD
     000000C3  _MAC0HO                            LCD
     000000C3  _SI                                LCD
     000000C3  _SMB0ADR                           LCD
     000000C4  G$ADC0GTL$0$0                      LCD
     000000C4  G$ADC2GT$0$0                       LCD
     000000C4  G$STO$0$0                          LCD
     000000C4  _ADC0GTL                           LCD
     000000C4  _ADC2GT                            LCD
     000000C4  _STO                               LCD
     000000C5  G$ADC0GTH$0$0                      LCD
     000000C5  G$STA$0$0                          LCD
     000000C5  _ADC0GTH                           LCD
     000000C5  _STA                               LCD
     000000C6  G$ADC0LTL$0$0                      LCD
     000000C6  G$ADC2LT$0$0                       LCD
     000000C6  G$ENSMB$0$0                        LCD
     000000C6  _ADC0LTL                           LCD
     000000C6  _ADC2LT                            LCD
     000000C6  _ENSMB                             LCD
     000000C7  G$ADC0LTH$0$0                      LCD
     000000C7  G$BUSY$0$0                         LCD
     000000C7  _ADC0LTH                           LCD
     000000C7  _BUSY                              LCD
     000000C8  G$CPRL2$0$0                        LCD
     000000C8  G$CPRL3$0$0                        LCD
     000000C8  G$CPRL4$0$0                        LCD
     000000C8  G$P4$0$0                           LCD
     000000C8  G$P4_0$0$0                         LCD
     000000C8  G$TMR2CN$0$0                       LCD
     000000C8  G$TMR3CN$0$0                       LCD
     000000C8  G$TMR4CN$0$0                       LCD
ASxxxx Linker V03.00 + NoICE + sdld,  page 11.
Hexadecimal  [32-Bits]

Area                                    Addr        Size        Decimal Bytes (Attributes)
--------------------------------        ----        ----        ------- ----- ------------
.  .ABS.                            00000000    00000000 =           0. bytes (ABS,CON)

      Value  Global                              Global Defined In Module
      -----  --------------------------------   ------------------------
     000000C8  _CPRL2                             LCD
     000000C8  _CPRL3                             LCD
     000000C8  _CPRL4                             LCD
     000000C8  _P4                                LCD
     000000C8  _P4_0                              LCD
     000000C8  _TMR2CN                            LCD
     000000C8  _TMR3CN                            LCD
     000000C8  _TMR4CN                            LCD
     000000C9  G$CT2$0$0                          LCD
     000000C9  G$CT3$0$0                          LCD
     000000C9  G$CT4$0$0                          LCD
     000000C9  G$P4_1$0$0                         LCD
     000000C9  G$TMR2CF$0$0                       LCD
     000000C9  G$TMR3CF$0$0                       LCD
     000000C9  G$TMR4CF$0$0                       LCD
     000000C9  _CT2                               LCD
     000000C9  _CT3                               LCD
     000000C9  _CT4                               LCD
     000000C9  _P4_1                              LCD
     000000C9  _TMR2CF                            LCD
     000000C9  _TMR3CF                            LCD
     000000C9  _TMR4CF                            LCD
     000000CA  G$P4_2$0$0                         LCD
     000000CA  G$RCAP2L$0$0                       LCD
     000000CA  G$RCAP3L$0$0                       LCD
     000000CA  G$RCAP4L$0$0                       LCD
     000000CA  G$TR2$0$0                          LCD
     000000CA  G$TR3$0$0                          LCD
     000000CA  G$TR4$0$0                          LCD
     000000CA  _P4_2                              LCD
     000000CA  _RCAP2L                            LCD
     000000CA  _RCAP3L                            LCD
     000000CA  _RCAP4L                            LCD
     000000CA  _TR2                               LCD
     000000CA  _TR3                               LCD
     000000CA  _TR4                               LCD
     000000CB  G$EXEN2$0$0                        LCD
     000000CB  G$EXEN3$0$0                        LCD
     000000CB  G$EXEN4$0$0                        LCD
     000000CB  G$P4_3$0$0                         LCD
     000000CB  G$RCAP2H$0$0                       LCD
     000000CB  G$RCAP3H$0$0                       LCD
     000000CB  G$RCAP4H$0$0                       LCD
     000000CB  _EXEN2                             LCD
     000000CB  _EXEN3                             LCD
     000000CB  _EXEN4                             LCD
     000000CB  _P4_3                              LCD
     000000CB  _RCAP2H                            LCD
     000000CB  _RCAP3H                            LCD
     000000CB  _RCAP4H                            LCD
     000000CC  G$P4_4$0$0                         LCD
ASxxxx Linker V03.00 + NoICE + sdld,  page 12.
Hexadecimal  [32-Bits]

Area                                    Addr        Size        Decimal Bytes (Attributes)
--------------------------------        ----        ----        ------- ----- ------------
.  .ABS.                            00000000    00000000 =           0. bytes (ABS,CON)

      Value  Global                              Global Defined In Module
      -----  --------------------------------   ------------------------
     000000CC  G$TL2$0$0                          LCD
     000000CC  G$TMR2L$0$0                        LCD
     000000CC  G$TMR3L$0$0                        LCD
     000000CC  G$TMR4L$0$0                        LCD
     000000CC  _P4_4                              LCD
     000000CC  _TL2                               LCD
     000000CC  _TMR2L                             LCD
     000000CC  _TMR3L                             LCD
     000000CC  _TMR4L                             LCD
     000000CD  G$P4_5$0$0                         LCD
     000000CD  G$TH2$0$0                          LCD
     000000CD  G$TMR2H$0$0                        LCD
     000000CD  G$TMR3H$0$0                        LCD
     000000CD  G$TMR4H$0$0                        LCD
     000000CD  _P4_5                              LCD
     000000CD  _TH2                               LCD
     000000CD  _TMR2H                             LCD
     000000CD  _TMR3H                             LCD
     000000CD  _TMR4H                             LCD
     000000CE  G$EXF2$0$0                         LCD
     000000CE  G$EXF3$0$0                         LCD
     000000CE  G$EXF4$0$0                         LCD
     000000CE  G$MAC0RNDL$0$0                     LCD
     000000CE  G$P4_6$0$0                         LCD
     000000CE  _EXF2                              LCD
     000000CE  _EXF3                              LCD
     000000CE  _EXF4                              LCD
     000000CE  _MAC0RNDL                          LCD
     000000CE  _P4_6                              LCD
     000000CF  G$MAC0RNDH$0$0                     LCD
     000000CF  G$P4_7$0$0                         LCD
     000000CF  G$SMB0CR$0$0                       LCD
     000000CF  G$TF2$0$0                          LCD
     000000CF  G$TF3$0$0                          LCD
     000000CF  G$TF4$0$0                          LCD
     000000CF  _MAC0RNDH                          LCD
     000000CF  _P4_7                              LCD
     000000CF  _SMB0CR                            LCD
     000000CF  _TF2                               LCD
     000000CF  _TF3                               LCD
     000000CF  _TF4                               LCD
     000000D0  G$P$0$0                            LCD
     000000D0  G$PSW$0$0                          LCD
     000000D0  _P                                 LCD
     000000D0  _PSW                               LCD
     000000D1  G$F1$0$0                           LCD
     000000D1  G$REF0CN$0$0                       LCD
     000000D1  _F1                                LCD
     000000D1  _REF0CN                            LCD
     000000D2  G$DAC0L$0$0                        LCD
     000000D2  G$DAC1L$0$0                        LCD
ASxxxx Linker V03.00 + NoICE + sdld,  page 13.
Hexadecimal  [32-Bits]

Area                                    Addr        Size        Decimal Bytes (Attributes)
--------------------------------        ----        ----        ------- ----- ------------
.  .ABS.                            00000000    00000000 =           0. bytes (ABS,CON)

      Value  Global                              Global Defined In Module
      -----  --------------------------------   ------------------------
     000000D2  G$OV$0$0                           LCD
     000000D2  _DAC0L                             LCD
     000000D2  _DAC1L                             LCD
     000000D2  _OV                                LCD
     000000D3  G$DAC0H$0$0                        LCD
     000000D3  G$DAC1H$0$0                        LCD
     000000D3  G$RS0$0$0                          LCD
     000000D3  _DAC0H                             LCD
     000000D3  _DAC1H                             LCD
     000000D3  _RS0                               LCD
     000000D4  G$DAC0CN$0$0                       LCD
     000000D4  G$DAC1CN$0$0                       LCD
     000000D4  G$RS1$0$0                          LCD
     000000D4  _DAC0CN                            LCD
     000000D4  _DAC1CN                            LCD
     000000D4  _RS1                               LCD
     000000D5  G$F0$0$0                           LCD
     000000D5  _F0                                LCD
     000000D6  G$AC$0$0                           LCD
     000000D6  _AC                                LCD
     000000D7  G$CY$0$0                           LCD
     000000D7  _CY                                LCD
     000000D8  G$CCF0$0$0                         LCD
     000000D8  G$P5$0$0                           LCD
     000000D8  G$P5_0$0$0                         LCD
     000000D8  G$PCA0CN$0$0                       LCD
     000000D8  _CCF0                              LCD
     000000D8  _P5                                LCD
     000000D8  _P5_0                              LCD
     000000D8  _PCA0CN                            LCD
     000000D9  G$CCF1$0$0                         LCD
     000000D9  G$P5_1$0$0                         LCD
     000000D9  G$PCA0MD$0$0                       LCD
     000000D9  _CCF1                              LCD
     000000D9  _P5_1                              LCD
     000000D9  _PCA0MD                            LCD
     000000DA  G$CCF2$0$0                         LCD
     000000DA  G$P5_2$0$0                         LCD
     000000DA  G$PCA0CPM0$0$0                     LCD
     000000DA  _CCF2                              LCD
     000000DA  _P5_2                              LCD
     000000DA  _PCA0CPM0                          LCD
     000000DB  G$CCF3$0$0                         LCD
     000000DB  G$P5_3$0$0                         LCD
     000000DB  G$PCA0CPM1$0$0                     LCD
     000000DB  _CCF3                              LCD
     000000DB  _P5_3                              LCD
     000000DB  _PCA0CPM1                          LCD
     000000DC  G$CCF4$0$0                         LCD
     000000DC  G$P5_4$0$0                         LCD
     000000DC  G$PCA0CPM2$0$0                     LCD
ASxxxx Linker V03.00 + NoICE + sdld,  page 14.
Hexadecimal  [32-Bits]

Area                                    Addr        Size        Decimal Bytes (Attributes)
--------------------------------        ----        ----        ------- ----- ------------
.  .ABS.                            00000000    00000000 =           0. bytes (ABS,CON)

      Value  Global                              Global Defined In Module
      -----  --------------------------------   ------------------------
     000000DC  _CCF4                              LCD
     000000DC  _P5_4                              LCD
     000000DC  _PCA0CPM2                          LCD
     000000DD  G$CCF5$0$0                         LCD
     000000DD  G$P5_5$0$0                         LCD
     000000DD  G$PCA0CPM3$0$0                     LCD
     000000DD  _CCF5                              LCD
     000000DD  _P5_5                              LCD
     000000DD  _PCA0CPM3                          LCD
     000000DE  G$CR$0$0                           LCD
     000000DE  G$P5_6$0$0                         LCD
     000000DE  G$PCA0CPM4$0$0                     LCD
     000000DE  _CR                                LCD
     000000DE  _P5_6                              LCD
     000000DE  _PCA0CPM4                          LCD
     000000DF  G$CF$0$0                           LCD
     000000DF  G$P5_7$0$0                         LCD
     000000DF  G$PCA0CPM5$0$0                     LCD
     000000DF  _CF                                LCD
     000000DF  _P5_7                              LCD
     000000DF  _PCA0CPM5                          LCD
     000000E0  G$ACC$0$0                          LCD
     000000E0  _ACC                               LCD
     000000E1  G$PCA0CPL5$0$0                     LCD
     000000E1  G$XBR0$0$0                         LCD
     000000E1  _PCA0CPL5                          LCD
     000000E1  _XBR0                              LCD
     000000E2  G$PCA0CPH5$0$0                     LCD
     000000E2  G$XBR1$0$0                         LCD
     000000E2  _PCA0CPH5                          LCD
     000000E2  _XBR1                              LCD
     000000E3  G$XBR2$0$0                         LCD
     000000E3  _XBR2                              LCD
     000000E6  G$EIE1$0$0                         LCD
     000000E6  _EIE1                              LCD
     000000E7  G$EIE2$0$0                         LCD
     000000E7  _EIE2                              LCD
     000000E8  G$AD0LJST$0$0                      LCD
     000000E8  G$AD2WINT$0$0                      LCD
     000000E8  G$ADC0CN$0$0                       LCD
     000000E8  G$ADC2CN$0$0                       LCD
     000000E8  G$P6$0$0                           LCD
     000000E8  G$P6_0$0$0                         LCD
     000000E8  _AD0LJST                           LCD
     000000E8  _AD2WINT                           LCD
     000000E8  _ADC0CN                            LCD
     000000E8  _ADC2CN                            LCD
     000000E8  _P6                                LCD
     000000E8  _P6_0                              LCD
     000000E9  G$AD0WINT$0$0                      LCD
     000000E9  G$AD2CM0$0$0                       LCD
ASxxxx Linker V03.00 + NoICE + sdld,  page 15.
Hexadecimal  [32-Bits]

Area                                    Addr        Size        Decimal Bytes (Attributes)
--------------------------------        ----        ----        ------- ----- ------------
.  .ABS.                            00000000    00000000 =           0. bytes (ABS,CON)

      Value  Global                              Global Defined In Module
      -----  --------------------------------   ------------------------
     000000E9  G$P6_1$0$0                         LCD
     000000E9  G$PCA0CPL2$0$0                     LCD
     000000E9  _AD0WINT                           LCD
     000000E9  _AD2CM0                            LCD
     000000E9  _P6_1                              LCD
     000000E9  _PCA0CPL2                          LCD
     000000EA  G$AD0CM0$0$0                       LCD
     000000EA  G$AD2CM1$0$0                       LCD
     000000EA  G$P6_2$0$0                         LCD
     000000EA  G$PCA0CPH2$0$0                     LCD
     000000EA  _AD0CM0                            LCD
     000000EA  _AD2CM1                            LCD
     000000EA  _P6_2                              LCD
     000000EA  _PCA0CPH2                          LCD
     000000EB  G$AD0CM1$0$0                       LCD
     000000EB  G$AD2CM2$0$0                       LCD
     000000EB  G$P6_3$0$0                         LCD
     000000EB  G$PCA0CPL3$0$0                     LCD
     000000EB  _AD0CM1                            LCD
     000000EB  _AD2CM2                            LCD
     000000EB  _P6_3                              LCD
     000000EB  _PCA0CPL3                          LCD
     000000EC  G$AD0BUSY$0$0                      LCD
     000000EC  G$AD2BUSY$0$0                      LCD
     000000EC  G$P6_4$0$0                         LCD
     000000EC  G$PCA0CPH3$0$0                     LCD
     000000EC  _AD0BUSY                           LCD
     000000EC  _AD2BUSY                           LCD
     000000EC  _P6_4                              LCD
     000000EC  _PCA0CPH3                          LCD
     000000ED  G$AD0INT$0$0                       LCD
     000000ED  G$AD2INT$0$0                       LCD
     000000ED  G$P6_5$0$0                         LCD
     000000ED  G$PCA0CPL4$0$0                     LCD
     000000ED  _AD0INT                            LCD
     000000ED  _AD2INT                            LCD
     000000ED  _P6_5                              LCD
     000000ED  _PCA0CPL4                          LCD
     000000EE  G$AD0TM$0$0                        LCD
     000000EE  G$AD2TM$0$0                        LCD
     000000EE  G$P6_6$0$0                         LCD
     000000EE  G$PCA0CPH4$0$0                     LCD
     000000EE  _AD0TM                             LCD
     000000EE  _AD2TM                             LCD
     000000EE  _P6_6                              LCD
     000000EE  _PCA0CPH4                          LCD
     000000EF  G$AD0EN$0$0                        LCD
     000000EF  G$AD2EN$0$0                        LCD
     000000EF  G$P6_7$0$0                         LCD
     000000EF  G$RSTSRC$0$0                       LCD
     000000EF  _AD0EN                             LCD
ASxxxx Linker V03.00 + NoICE + sdld,  page 16.
Hexadecimal  [32-Bits]

Area                                    Addr        Size        Decimal Bytes (Attributes)
--------------------------------        ----        ----        ------- ----- ------------
.  .ABS.                            00000000    00000000 =           0. bytes (ABS,CON)

      Value  Global                              Global Defined In Module
      -----  --------------------------------   ------------------------
     000000EF  _AD2EN                             LCD
     000000EF  _P6_7                              LCD
     000000EF  _RSTSRC                            LCD
     000000F0  G$B$0$0                            LCD
     000000F0  _B                                 LCD
     000000F5  _B_5                               _gptrget
     000000F6  G$EIP1$0$0                         LCD
     000000F6  _B_6                               _gptrget
     000000F6  _EIP1                              LCD
     000000F7  G$EIP2$0$0                         LCD
     000000F7  _B_7                               _gptrget
     000000F7  _EIP2                              LCD
     000000F8  G$P7$0$0                           LCD
     000000F8  G$P7_0$0$0                         LCD
     000000F8  G$SPI0CN$0$0                       LCD
     000000F8  G$SPIEN$0$0                        LCD
     000000F8  _P7                                LCD
     000000F8  _P7_0                              LCD
     000000F8  _SPI0CN                            LCD
     000000F8  _SPIEN                             LCD
     000000F9  G$P7_1$0$0                         LCD
     000000F9  G$PCA0L$0$0                        LCD
     000000F9  G$TXBMT$0$0                        LCD
     000000F9  _P7_1                              LCD
     000000F9  _PCA0L                             LCD
     000000F9  _TXBMT                             LCD
     000000FA  G$NSSMD0$0$0                       LCD
     000000FA  G$P7_2$0$0                         LCD
     000000FA  G$PCA0H$0$0                        LCD
     000000FA  _NSSMD0                            LCD
     000000FA  _P7_2                              LCD
     000000FA  _PCA0H                             LCD
     000000FB  G$NSSMD1$0$0                       LCD
     000000FB  G$P7_3$0$0                         LCD
     000000FB  G$PCA0CPL0$0$0                     LCD
     000000FB  _NSSMD1                            LCD
     000000FB  _P7_3                              LCD
     000000FB  _PCA0CPL0                          LCD
     000000FC  G$P7_4$0$0                         LCD
     000000FC  G$PCA0CPH0$0$0                     LCD
     000000FC  G$RXOVRN$0$0                       LCD
     000000FC  _P7_4                              LCD
     000000FC  _PCA0CPH0                          LCD
     000000FC  _RXOVRN                            LCD
     000000FD  G$MODF$0$0                         LCD
     000000FD  G$P7_5$0$0                         LCD
     000000FD  G$PCA0CPL1$0$0                     LCD
     000000FD  _MODF                              LCD
     000000FD  _P7_5                              LCD
     000000FD  _PCA0CPL1                          LCD
     000000FE  G$P7_6$0$0                         LCD
ASxxxx Linker V03.00 + NoICE + sdld,  page 17.
Hexadecimal  [32-Bits]

Area                                    Addr        Size        Decimal Bytes (Attributes)
--------------------------------        ----        ----        ------- ----- ------------
.  .ABS.                            00000000    00000000 =           0. bytes (ABS,CON)

      Value  Global                              Global Defined In Module
      -----  --------------------------------   ------------------------
     000000FE  G$PCA0CPH1$0$0                     LCD
     000000FE  G$WCOL$0$0                         LCD
     000000FE  _P7_6                              LCD
     000000FE  _PCA0CPH1                          LCD
     000000FE  _WCOL                              LCD
     000000FF  G$P7_7$0$0                         LCD
     000000FF  G$SPIF$0$0                         LCD
     000000FF  G$WDTCN$0$0                        LCD
     000000FF  _P7_7                              LCD
     000000FF  _SPIF                              LCD
     000000FF  _WDTCN                             LCD
     00008C8A  G$TMR0$0$0                         LCD
     00008C8A  _TMR0                              LCD
     00008D8B  G$TMR1$0$0                         LCD
     00008D8B  _TMR1                              LCD
     0000BFBE  G$ADC0$0$0                         LCD
     0000BFBE  _ADC0                              LCD
     0000C2C1  G$MAC0A$0$0                        LCD
     0000C2C1  _MAC0A                             LCD
     0000C5C4  G$ADC0GT$0$0                       LCD
     0000C5C4  _ADC0GT                            LCD
     0000C7C6  G$ADC0LT$0$0                       LCD
     0000C7C6  _ADC0LT                            LCD
     0000CBCA  G$RCAP2$0$0                        LCD
     0000CBCA  G$RCAP3$0$0                        LCD
     0000CBCA  G$RCAP4$0$0                        LCD
     0000CBCA  _RCAP2                             LCD
     0000CBCA  _RCAP3                             LCD
     0000CBCA  _RCAP4                             LCD
     0000CDCC  G$TMR2$0$0                         LCD
     0000CDCC  G$TMR3$0$0                         LCD
     0000CDCC  G$TMR4$0$0                         LCD
     0000CDCC  _TMR2                              LCD
     0000CDCC  _TMR3                              LCD
     0000CDCC  _TMR4                              LCD
     0000CFCE  G$MAC0RND$0$0                      LCD
     0000CFCE  _MAC0RND                           LCD
     0000D3D2  G$DAC0$0$0                         LCD
     0000D3D2  G$DAC1$0$0                         LCD
     0000D3D2  _DAC0                              LCD
     0000D3D2  _DAC1                              LCD
     0000E2E1  G$PCA0CP5$0$0                      LCD
     0000E2E1  _PCA0CP5                           LCD
     0000EAE9  G$PCA0CP2$0$0                      LCD
     0000EAE9  _PCA0CP2                           LCD
     0000ECEB  G$PCA0CP3$0$0                      LCD
     0000ECEB  _PCA0CP3                           LCD
     0000EEED  G$PCA0CP4$0$0                      LCD
     0000EEED  _PCA0CP4                           LCD
     0000FAF9  G$PCA0$0$0                         LCD
     0000FAF9  _PCA0                              LCD
ASxxxx Linker V03.00 + NoICE + sdld,  page 18.
Hexadecimal  [32-Bits]

Area                                    Addr        Size        Decimal Bytes (Attributes)
--------------------------------        ----        ----        ------- ----- ------------
.  .ABS.                            00000000    00000000 =           0. bytes (ABS,CON)

      Value  Global                              Global Defined In Module
      -----  --------------------------------   ------------------------
     0000FCFB  G$PCA0CP0$0$0                      LCD
     0000FCFB  _PCA0CP0                           LCD
     0000FEFD  G$PCA0CP1$0$0                      LCD
     0000FEFD  _PCA0CP1                           LCD
     00959493  G$MAC0ACC$0$0                      LCD
     00959493  _MAC0ACC                           LCD

ASxxxx Linker V03.00 + NoICE + sdld,  page 19.
Hexadecimal  [32-Bits]

Area                                    Addr        Size        Decimal Bytes (Attributes)
--------------------------------        ----        ----        ------- ----- ------------
BSEG_BYTES                          00000020    00000002 =           2. bytes (REL,CON)

      Value  Global                              Global Defined In Module
      -----  --------------------------------   ------------------------
ASxxxx Linker V03.00 + NoICE + sdld,  page 20.
Hexadecimal  [32-Bits]

Area                                    Addr        Size        Decimal Bytes (Attributes)
--------------------------------        ----        ----        ------- ----- ------------
REG_BANK_0                          00000000    00000008 =           8. bytes (REL,OVR)

      Value  Global                              Global Defined In Module
      -----  --------------------------------   ------------------------
ASxxxx Linker V03.00 + NoICE + sdld,  page 21.
Hexadecimal  [32-Bits]

Area                                    Addr        Size        Decimal Bytes (Attributes)
--------------------------------        ----        ----        ------- ----- ------------
DSEG                                00000000    00000076 =         118. bytes (REL,CON)

      Value  Global                              Global Defined In Module
      -----  --------------------------------   ------------------------
     00000008  _vprintf_PARM_2                    vprintf
     00000009  _bp                                _bp
     00000022  G$char_value_map$0$0               main
     00000022  _char_value_map                    main
     00000032  G$keypad_buffer$0$0                main
     00000032  _keypad_buffer                     main
     00000033  G$keypad_index_start$0$0           main
     00000033  _keypad_index_start                main
     00000034  G$keypad_index_end$0$0             main
     00000034  _keypad_index_end                  main
     00000035  G$keypad_pressed$0$0               main
     00000035  _keypad_pressed                    main
     00000036  Lmain.keypad_ISR$j$1$33            main
     00000037  Lmain.keypad_ISR$temp$1$33         main
     00000038  G$buttonPressed$0$0                main
     00000038  _buttonPressed                     main
     00000039  G$TR0_count$0$0                    main
     00000039  _TR0_count                         main
     0000003B  G$debounceCount$0$0                main
     0000003B  _debounceCount                     main
     0000003D  G$startTime$0$0                    main
     0000003D  _startTime                         main
     0000003F  G$choice$0$0                       main
     0000003F  _choice                            main
     00000040  G$random$0$0                       main
     00000040  _random                            main
     00000041  G$days$0$0                         main
     00000041  _days                              main
     00000056  G$seed$0$0                         main
     00000056  _seed                              main
     00000059  Lmain.loop$lowerBound$1$51         main
     0000005A  Lmain.loop$temp$1$51               main
     0000005B  Lmain.loop$buffer$1$51             main
     0000005E  Lmain.loop$sloc0$1$0               main
     0000006C  __print_format_PARM_2              printf_large
     0000006F  __print_format_PARM_3              printf_large
     00000072  __print_format_PARM_4              printf_large

ASxxxx Linker V03.00 + NoICE + sdld,  page 22.
Hexadecimal  [32-Bits]

Area                                    Addr        Size        Decimal Bytes (Attributes)
--------------------------------        ----        ----        ------- ----- ------------
OSEG                                0000000A    00000006 =           6. bytes (REL,OVR)

      Value  Global                              Global Defined In Module
      -----  --------------------------------   ------------------------
     0000000A  __modslong_PARM_2                  _modulong
     0000000A  __modulong_PARM_2                  _modulong

ASxxxx Linker V03.00 + NoICE + sdld,  page 23.
Hexadecimal  [32-Bits]

Area                                    Addr        Size        Decimal Bytes (Attributes)
--------------------------------        ----        ----        ------- ----- ------------
ISEG                                00000010    00000006 =           6. bytes (REL,CON)

      Value  Global                              Global Defined In Module
      -----  --------------------------------   ------------------------
ASxxxx Linker V03.00 + NoICE + sdld,  page 24.
Hexadecimal  [32-Bits]

Area                                    Addr        Size        Decimal Bytes (Attributes)
--------------------------------        ----        ----        ------- ----- ------------
SSEG                                0000007A    00000086 =         134. bytes (REL,OVR)

      Value  Global                              Global Defined In Module
      -----  --------------------------------   ------------------------
     0000007A  __start__stack                     main

ASxxxx Linker V03.00 + NoICE + sdld,  page 25.
Hexadecimal  [32-Bits]

Area                                    Addr        Size        Decimal Bytes (Attributes)
--------------------------------        ----        ----        ------- ----- ------------
HOME                                00000000    00000011 =          17. bytes (REL,CON,CODE)

      Value  Global                              Global Defined In Module
      -----  --------------------------------   ------------------------
C:   00000000  A$main$1332                        main
C:   00000003  A$main$1333                        main
C:   0000000B  A$main$1335                        main
C:   0000000E  A$main$1409                        main
C:   0000000E  __sdcc_program_startup             main

ASxxxx Linker V03.00 + NoICE + sdld,  page 26.
Hexadecimal  [32-Bits]

Area                                    Addr        Size        Decimal Bytes (Attributes)
--------------------------------        ----        ----        ------- ----- ------------
GSINIT0                             00000011    00000003 =           3. bytes (REL,CON,CODE)

      Value  Global                              Global Defined In Module
      -----  --------------------------------   ------------------------
C:   00000011  __sdcc_gsinit_startup              

ASxxxx Linker V03.00 + NoICE + sdld,  page 27.
Hexadecimal  [32-Bits]

Area                                    Addr        Size        Decimal Bytes (Attributes)
--------------------------------        ----        ----        ------- ----- ------------
GSINIT2                             00000014    0000000A =          10. bytes (REL,CON,CODE)

      Value  Global                              Global Defined In Module
      -----  --------------------------------   ------------------------
ASxxxx Linker V03.00 + NoICE + sdld,  page 28.
Hexadecimal  [32-Bits]

Area                                    Addr        Size        Decimal Bytes (Attributes)
--------------------------------        ----        ----        ------- ----- ------------
GSINIT3                             0000001E    00000022 =          34. bytes (REL,CON,CODE)

      Value  Global                              Global Defined In Module
      -----  --------------------------------   ------------------------
C:   0000001E  __mcs51_genXINIT                   

ASxxxx Linker V03.00 + NoICE + sdld,  page 29.
Hexadecimal  [32-Bits]

Area                                    Addr        Size        Decimal Bytes (Attributes)
--------------------------------        ----        ----        ------- ----- ------------
GSINIT4                             00000040    0000002A =          42. bytes (REL,CON,CODE)

      Value  Global                              Global Defined In Module
      -----  --------------------------------   ------------------------
C:   00000040  __mcs51_genRAMCLEAR                
C:   00000046  __mcs51_genXRAMCLEAR               

ASxxxx Linker V03.00 + NoICE + sdld,  page 30.
Hexadecimal  [32-Bits]

Area                                    Addr        Size        Decimal Bytes (Attributes)
--------------------------------        ----        ----        ------- ----- ------------
GSINIT                              0000006A    0000007D =         125. bytes (REL,CON,CODE)

      Value  Global                              Global Defined In Module
      -----  --------------------------------   ------------------------
C:   0000006A  A$main$1351                        main
C:   0000006A  C$keypad.h$6$1$68                  main
C:   0000006D  A$main$1352                        main
C:   00000070  A$main$1353                        main
C:   00000073  A$main$1354                        main
C:   00000076  A$main$1355                        main
C:   00000079  A$main$1356                        main
C:   0000007C  A$main$1357                        main
C:   0000007F  A$main$1358                        main
C:   00000082  A$main$1359                        main
C:   00000085  A$main$1360                        main
C:   00000088  A$main$1361                        main
C:   0000008B  A$main$1362                        main
C:   0000008E  A$main$1363                        main
C:   00000091  A$main$1364                        main
C:   00000094  A$main$1365                        main
C:   00000097  A$main$1366                        main
C:   0000009A  A$main$1369                        main
C:   0000009A  C$main.c$34$1$68                   main
C:   0000009D  A$main$1372                        main
C:   0000009D  C$main.c$39$1$68                   main
C:   000000A0  A$main$1373                        main
C:   000000A3  A$main$1374                        main
C:   000000A6  A$main$1375                        main
C:   000000A9  A$main$1376                        main
C:   000000AC  A$main$1377                        main
C:   000000AF  A$main$1378                        main
C:   000000B2  A$main$1379                        main
C:   000000B5  A$main$1380                        main
C:   000000B8  A$main$1381                        main
C:   000000BB  A$main$1382                        main
C:   000000BE  A$main$1383                        main
C:   000000C1  A$main$1384                        main
C:   000000C4  A$main$1385                        main
C:   000000C7  A$main$1386                        main
C:   000000CA  A$main$1387                        main
C:   000000CD  A$main$1388                        main
C:   000000D0  A$main$1389                        main
C:   000000D3  A$main$1390                        main
C:   000000D6  A$main$1391                        main
C:   000000D9  A$main$1392                        main
C:   000000DC  A$main$1395                        main
C:   000000DC  C$main.c$41$1$68                   main
C:   000000DF  A$main$1396                        main
C:   000000E2  A$main$1397                        main
C:   000000E5  A$main$1400                        main
C:   000000E5  C$main.c$17$1$68                   main

ASxxxx Linker V03.00 + NoICE + sdld,  page 31.
Hexadecimal  [32-Bits]

Area                                    Addr        Size        Decimal Bytes (Attributes)
--------------------------------        ----        ----        ------- ----- ------------
GSFINAL                             000000E7    00000003 =           3. bytes (REL,CON,CODE)

      Value  Global                              Global Defined In Module
      -----  --------------------------------   ------------------------
C:   000000E7  A$main$1402                        main

ASxxxx Linker V03.00 + NoICE + sdld,  page 32.
Hexadecimal  [32-Bits]

Area                                    Addr        Size        Decimal Bytes (Attributes)
--------------------------------        ----        ----        ------- ----- ------------
CSEG                                000000EA    000010A0 =        4256. bytes (REL,CON,CODE)

      Value  Global                              Global Defined In Module
      -----  --------------------------------   ------------------------
C:   000000EA  A$main$1435                        main
C:   000000EA  C$putget.h$18$0$0                  main
C:   000000EA  G$putchar$0$0                      main
C:   000000EA  _putchar                           main
C:   000000EC  A$main$1441                        main
C:   000000EC  C$putget.h$20$1$16                 main
C:   000000EC  C$putget.h$21$1$16                 main
C:   000000EF  A$main$1442                        main
C:   000000F1  A$main$1446                        main
C:   000000F1  C$putget.h$22$1$16                 main
C:   000000F3  A$main$1449                        main
C:   000000F3  C$putget.h$23$1$16                 main
C:   000000F3  XG$putchar$0$0                     main
C:   000000F4  A$main$1467                        main
C:   000000F4  C$putget.h$28$1$16                 main
C:   000000F4  C$putget.h$31$1$18                 main
C:   000000F4  C$putget.h$32$1$18                 main
C:   000000F4  G$getchar$0$0                      main
C:   000000F4  _getchar                           main
C:   000000F7  A$main$1468                        main
C:   000000F9  A$main$1472                        main
C:   000000F9  C$putget.h$33$1$18                 main
C:   000000FC  A$main$1475                        main
C:   000000FC  C$putget.h$35$1$18                 main
C:   000000FF  A$main$1478                        main
C:   000000FF  C$putget.h$36$1$18                 main
C:   00000102  A$main$1481                        main
C:   00000102  C$putget.h$37$1$18                 main
C:   00000102  XG$getchar$0$0                     main
C:   00000103  A$main$1496                        main
C:   00000103  C$keypad.h$16$1$18                 main
C:   00000103  C$keypad.h$19$1$31                 main
C:   00000103  G$keypad_init$0$0                  main
C:   00000103  _keypad_init                       main
C:   00000106  A$main$1499                        main
C:   00000106  C$keypad.h$20$1$31                 main
C:   00000109  A$main$1502                        main
C:   00000109  C$keypad.h$22$1$31                 main
C:   0000010B  A$main$1505                        main
C:   0000010B  C$keypad.h$24$1$31                 main
C:   0000010E  A$main$1508                        main
C:   0000010E  C$keypad.h$25$1$31                 main
C:   00000111  A$main$1511                        main
C:   00000111  C$keypad.h$26$1$31                 main
C:   00000114  A$main$1514                        main
C:   00000116  A$main$1518                        main
C:   00000116  C$keypad.h$29$2$32                 main
C:   00000117  A$main$1519                        main
C:   00000119  A$main$1520                        main
C:   0000011A  A$main$1521                        main
ASxxxx Linker V03.00 + NoICE + sdld,  page 33.
Hexadecimal  [32-Bits]

Area                                    Addr        Size        Decimal Bytes (Attributes)
--------------------------------        ----        ----        ------- ----- ------------
CSEG                                000000EA    000010A0 =        4256. bytes (REL,CON,CODE)

      Value  Global                              Global Defined In Module
      -----  --------------------------------   ------------------------
C:   0000011C  A$main$1524                        main
C:   0000011C  C$keypad.h$28$1$31                 main
C:   0000011D  A$main$1525                        main
C:   0000011E  A$main$1526                        main
C:   0000011F  A$main$1527                        main
C:   00000121  A$main$1528                        main
C:   00000123  A$main$1529                        main
C:   00000125  A$main$1532                        main
C:   00000125  C$keypad.h$31$1$31                 main
C:   00000125  XG$keypad_init$0$0                 main
C:   00000126  A$main$1547                        main
C:   00000126  C$keypad.h$33$1$31                 main
C:   00000126  G$keypad_ISR$0$0                   main
C:   00000126  _keypad_ISR                        main
C:   00000128  A$main$1548                        main
C:   0000012A  A$main$1549                        main
C:   0000012C  A$main$1550                        main
C:   0000012E  A$main$1551                        main
C:   00000130  A$main$1552                        main
C:   00000132  A$main$1553                        main
C:   00000134  A$main$1554                        main
C:   00000136  A$main$1555                        main
C:   00000138  A$main$1556                        main
C:   0000013A  A$main$1557                        main
C:   0000013C  A$main$1558                        main
C:   0000013F  A$main$1561                        main
C:   0000013F  C$keypad.h$36$1$33                 main
C:   00000142  A$main$1564                        main
C:   00000142  C$keypad.h$38$1$33                 main
C:   00000144  A$main$1565                        main
C:   00000146  A$main$1566                        main
C:   00000149  A$main$1570                        main
C:   0000014B  A$main$1574                        main
C:   0000014B  C$keypad.h$40$3$35                 main
C:   0000014D  A$main$1575                        main
C:   0000014E  A$main$1576                        main
C:   00000150  A$main$1577                        main
C:   00000152  A$main$1578                        main
C:   00000154  A$main$1579                        main
C:   00000156  A$main$1581                        main
C:   00000158  A$main$1583                        main
C:   0000015B  A$main$1584                        main
C:   0000015C  A$main$1585                        main
C:   0000015E  A$main$1586                        main
C:   0000015F  A$main$1587                        main
C:   00000160  A$main$1588                        main
C:   00000162  A$main$1591                        main
C:   00000165  A$main$1592                        main
C:   00000166  A$main$1593                        main
C:   00000167  A$main$1594                        main
C:   00000169  A$main$1595                        main
ASxxxx Linker V03.00 + NoICE + sdld,  page 34.
Hexadecimal  [32-Bits]

Area                                    Addr        Size        Decimal Bytes (Attributes)
--------------------------------        ----        ----        ------- ----- ------------
CSEG                                000000EA    000010A0 =        4256. bytes (REL,CON,CODE)

      Value  Global                              Global Defined In Module
      -----  --------------------------------   ------------------------
C:   0000016A  A$main$1599                        main
C:   0000016A  C$keypad.h$42$4$36                 main
C:   0000016D  A$main$1600                        main
C:   0000016F  A$main$1601                        main
C:   00000171  A$main$1602                        main
C:   00000173  A$main$1603                        main
C:   00000175  A$main$1605                        main
C:   00000176  A$main$1606                        main
C:   00000177  A$main$1607                        main
C:   00000178  A$main$1608                        main
C:   00000179  A$main$1609                        main
C:   0000017A  A$main$1610                        main
C:   0000017B  A$main$1612                        main
C:   0000017E  A$main$1613                        main
C:   00000180  A$main$1614                        main
C:   00000182  A$main$1615                        main
C:   00000183  A$main$1616                        main
C:   00000185  A$main$1617                        main
C:   00000186  A$main$1618                        main
C:   00000188  A$main$1619                        main
C:   00000189  A$main$1620                        main
C:   0000018A  A$main$1621                        main
C:   0000018C  A$main$1624                        main
C:   0000018C  C$keypad.h$43$5$37                 main
C:   0000018D  A$main$1625                        main
C:   0000018F  A$main$1626                        main
C:   00000191  A$main$1627                        main
C:   00000193  A$main$1628                        main
C:   00000195  A$main$1629                        main
C:   00000198  A$main$1633                        main
C:   00000198  C$keypad.h$44$5$37                 main
C:   0000019A  A$main$1634                        main
C:   0000019C  A$main$1635                        main
C:   0000019D  A$main$1636                        main
C:   0000019F  A$main$1637                        main
C:   000001A0  A$main$1638                        main
C:   000001A2  A$main$1639                        main
C:   000001A3  A$main$1640                        main
C:   000001A5  A$main$1641                        main
C:   000001A6  A$main$1642                        main
C:   000001A7  A$main$1643                        main
C:   000001A9  A$main$1644                        main
C:   000001AA  A$main$1645                        main
C:   000001AC  A$main$1646                        main
C:   000001AD  A$main$1647                        main
C:   000001AF  A$main$1648                        main
C:   000001B1  A$main$1652                        main
C:   000001B1  C$keypad.h$41$3$35                 main
C:   000001B3  A$main$1653                        main
C:   000001B4  A$main$1654                        main
C:   000001B6  A$main$1655                        main
ASxxxx Linker V03.00 + NoICE + sdld,  page 35.
Hexadecimal  [32-Bits]

Area                                    Addr        Size        Decimal Bytes (Attributes)
--------------------------------        ----        ----        ------- ----- ------------
CSEG                                000000EA    000010A0 =        4256. bytes (REL,CON,CODE)

      Value  Global                              Global Defined In Module
      -----  --------------------------------   ------------------------
C:   000001B8  A$main$1656                        main
C:   000001BA  A$main$1657                        main
C:   000001BC  A$main$1660                        main
C:   000001BC  C$keypad.h$39$2$34                 main
C:   000001BD  A$main$1661                        main
C:   000001BE  A$main$1662                        main
C:   000001BF  A$main$1663                        main
C:   000001C1  A$main$1664                        main
C:   000001C3  A$main$1665                        main
C:   000001C5  A$main$1666                        main
C:   000001C8  A$main$1671                        main
C:   000001C8  C$keypad.h$49$1$33                 main
C:   000001CB  A$main$1674                        main
C:   000001CB  C$keypad.h$51$1$33                 main
C:   000001CD  A$main$1675                        main
C:   000001CF  A$main$1678                        main
C:   000001CF  C$keypad.h$52$2$38                 main
C:   000001D2  A$main$1682                        main
C:   000001D2  C$keypad.h$54$1$33                 main
C:   000001D4  A$main$1683                        main
C:   000001D7  A$main$1684                        main
C:   000001DA  A$main$1686                        main
C:   000001DC  A$main$1687                        main
C:   000001DE  A$main$1688                        main
C:   000001E0  A$main$1689                        main
C:   000001E2  A$main$1690                        main
C:   000001E4  A$main$1691                        main
C:   000001E6  A$main$1692                        main
C:   000001E8  A$main$1693                        main
C:   000001EA  A$main$1694                        main
C:   000001EC  A$main$1695                        main
C:   000001EE  A$main$1696                        main
C:   000001F0  A$main$1699                        main
C:   000001F0  C$keypad.h$55$1$33                 main
C:   000001F0  XG$keypad_ISR$0$0                  main
C:   000001F1  A$main$1716                        main
C:   000001F1  C$keypad.h$57$1$33                 main
C:   000001F1  C$keypad.h$60$1$40                 main
C:   000001F1  G$keypad_read$0$0                  main
C:   000001F1  _keypad_read                       main
C:   000001F2  A$main$1717                        main
C:   000001F4  A$main$1718                        main
C:   000001F6  A$main$1719                        main
C:   000001F8  A$main$1720                        main
C:   000001FA  A$main$1721                        main
C:   000001FD  A$main$1725                        main
C:   000001FD  C$keypad.h$61$1$40                 main
C:   000001FF  A$main$1726                        main
C:   00000201  A$main$1727                        main
C:   00000202  A$main$1728                        main
[...]
C:   00000944  C$LCD.c$92$1$16                    LCD
C:   00000944  G$lcd_dat$0$0                      LCD
C:   00000944  _lcd_dat                           LCD
C:   00000946  A$LCD$1462                         LCD
C:   00000946  C$LCD.c$97$1$19                    LCD
C:   00000948  A$LCD$1465                         LCD
C:   00000948  C$LCD.c$98$1$19                    LCD
C:   0000094B  A$LCD$1468                         LCD
C:   0000094B  C$LCD.c$100$1$19                   LCD
C:   0000094D  A$LCD$1469                         LCD
C:   0000094F  A$LCD$1470                         LCD
C:   00000952  A$LCD$1471                         LCD
C:   00000954  A$LCD$1472                         LCD
C:   00000956  A$LCD$1475                         LCD
C:   00000956  C$LCD.c$101$1$19                   LCD
C:   00000959  A$LCD$1478                         LCD
C:   00000959  C$LCD.c$102$1$19                   LCD
C:   0000095B  A$LCD$1479                         LCD
C:   0000095D  A$LCD$1480                         LCD
C:   0000095E  A$LCD$1481                         LCD
C:   00000960  A$LCD$1484                         LCD
C:   00000960  C$LCD.c$103$1$19                   LCD
C:   00000962  A$LCD$1487                         LCD
C:   00000962  C$LCD.c$104$1$19                   LCD
C:   00000965  A$LCD$1488                         LCD
C:   00000967  A$LCD$1489                         LCD
C:   0000096A  A$LCD$1492                         LCD
C:   0000096A  C$LCD.c$105$1$19                   LCD
C:   0000096D  A$LCD$1493                         LCD
C:   00000970  A$LCD$1494                         LCD
C:   00000973  A$LCD$1495                         LCD
C:   00000976  A$LCD$1496                         LCD
C:   00000979  A$LCD$1497                         LCD
C:   0000097B  A$LCD$1498                         LCD
C:   0000097D  A$LCD$1499                         LCD
C:   0000097F  A$LCD$1500                         LCD
C:   00000980  A$LCD$1501                         LCD
ASxxxx Linker V03.00 + NoICE + sdld,  page 59.
Hexadecimal  [32-Bits]

Area                                    Addr        Size        Decimal Bytes (Attributes)
--------------------------------        ----        ----        ------- ----- ------------
CSEG                                000000EA    000010A0 =        4256. bytes (REL,CON,CODE)

      Value  Global                              Global Defined In Module
      -----  --------------------------------   ------------------------
C:   00000982  A$LCD$1504                         LCD
C:   00000982  C$LCD.c$107$1$19                   LCD
C:   00000984  A$LCD$1507                         LCD
C:   00000984  C$LCD.c$109$1$19                   LCD
C:   00000987  A$LCD$1510                         LCD
C:   00000987  C$LCD.c$110$1$19                   LCD
C:   00000987  XG$lcd_dat$0$0                     LCD
C:   00000988  A$LCD$1524                         LCD
C:   00000988  C$LCD.c$119$1$19                   LCD
C:   00000988  G$lcd_puts$0$0                     LCD
C:   00000988  _lcd_puts                          LCD
C:   0000098A  A$LCD$1525                         LCD
C:   0000098C  A$LCD$1526                         LCD
C:   0000098E  A$LCD$1529                         LCD
C:   0000098E  C$LCD.c$122$1$21                   LCD
C:   00000990  A$LCD$1530                         LCD
C:   00000992  A$LCD$1534                         LCD
C:   00000992  C$LCD.c$123$1$21                   LCD
C:   00000993  A$LCD$1535                         LCD
C:   00000994  A$LCD$1536                         LCD
C:   00000995  A$LCD$1537                         LCD
C:   00000996  A$LCD$1538                         LCD
C:   00000997  A$LCD$1539                         LCD
C:   00000998  A$LCD$1540                         LCD
C:   0000099A  A$LCD$1541                         LCD
C:   0000099C  A$LCD$1542                         LCD
C:   0000099E  A$LCD$1543                         LCD
C:   000009A0  A$LCD$1544                         LCD
C:   000009A3  A$LCD$1545                         LCD
C:   000009A5  A$LCD$1548                         LCD
C:   000009A5  C$LCD.c$125$2$22                   LCD
C:   000009A6  A$LCD$1549                         LCD
C:   000009A7  A$LCD$1550                         LCD
C:   000009A8  A$LCD$1551                         LCD
C:   000009A9  A$LCD$1552                         LCD
C:   000009AA  A$LCD$1553                         LCD
C:   000009AB  A$LCD$1554                         LCD
C:   000009AD  A$LCD$1555                         LCD
C:   000009AF  A$LCD$1556                         LCD
C:   000009B1  A$LCD$1557                         LCD
C:   000009B3  A$LCD$1558                         LCD
C:   000009B6  A$LCD$1559                         LCD
C:   000009B8  A$LCD$1560                         LCD
C:   000009BA  A$LCD$1561                         LCD
C:   000009BC  A$LCD$1562                         LCD
C:   000009BE  A$LCD$1563                         LCD
C:   000009C0  A$LCD$1564                         LCD
C:   000009C2  A$LCD$1565                         LCD
C:   000009C5  A$LCD$1566                         LCD
C:   000009C7  A$LCD$1567                         LCD
C:   000009C9  A$LCD$1568                         LCD
ASxxxx Linker V03.00 + NoICE + sdld,  page 60.
Hexadecimal  [32-Bits]

Area                                    Addr        Size        Decimal Bytes (Attributes)
--------------------------------        ----        ----        ------- ----- ------------
CSEG                                000000EA    000010A0 =        4256. bytes (REL,CON,CODE)

      Value  Global                              Global Defined In Module
      -----  --------------------------------   ------------------------
C:   000009CB  A$LCD$1569                         LCD
C:   000009CD  A$LCD$1570                         LCD
C:   000009CF  A$LCD$1573                         LCD
C:   000009CF  C$LCD.c$126$2$22                   LCD
C:   000009D0  A$LCD$1574                         LCD
C:   000009D3  A$LCD$1575                         LCD
C:   000009D4  A$LCD$1576                         LCD
C:   000009D6  A$LCD$1580                         LCD
C:   000009D6  C$LCD.c$128$1$21                   LCD
C:   000009D6  XG$lcd_puts$0$0                    LCD
C:   000009D7  A$LCD$1594                         LCD
C:   000009D7  C$LCD.c$137$1$21                   LCD
C:   000009D7  G$lcd_cmd$0$0                      LCD
C:   000009D7  _lcd_cmd                           LCD
C:   000009D9  A$LCD$1597                         LCD
C:   000009D9  C$LCD.c$141$1$24                   LCD
C:   000009DB  A$LCD$1600                         LCD
C:   000009DB  C$LCD.c$142$1$24                   LCD
C:   000009DE  A$LCD$1603                         LCD
C:   000009DE  C$LCD.c$144$1$24                   LCD
C:   000009E0  A$LCD$1604                         LCD
C:   000009E2  A$LCD$1605                         LCD
C:   000009E5  A$LCD$1606                         LCD
C:   000009E7  A$LCD$1607                         LCD
C:   000009E9  A$LCD$1610                         LCD
C:   000009E9  C$LCD.c$145$1$24                   LCD
C:   000009EB  A$LCD$1611                         LCD
C:   000009ED  A$LCD$1612                         LCD
C:   000009EE  A$LCD$1613                         LCD
C:   000009F0  A$LCD$1616                         LCD
C:   000009F0  C$LCD.c$146$1$24                   LCD
C:   000009F2  A$LCD$1617                         LCD
C:   000009F4  A$LCD$1618                         LCD
C:   000009F5  A$LCD$1619                         LCD
C:   000009F7  A$LCD$1622                         LCD
C:   000009F7  C$LCD.c$147$1$24                   LCD
C:   000009F9  A$LCD$1625                         LCD
C:   000009F9  C$LCD.c$148$1$24                   LCD
C:   000009FC  A$LCD$1626                         LCD
C:   000009FE  A$LCD$1627                         LCD
C:   00000A01  A$LCD$1630                         LCD
C:   00000A01  C$LCD.c$149$1$24                   LCD
C:   00000A04  A$LCD$1631                         LCD
C:   00000A07  A$LCD$1632                         LCD
C:   00000A0A  A$LCD$1633                         LCD
C:   00000A0D  A$LCD$1634                         LCD
C:   00000A10  A$LCD$1635                         LCD
C:   00000A12  A$LCD$1636                         LCD
C:   00000A14  A$LCD$1637                         LCD
C:   00000A16  A$LCD$1638                         LCD
C:   00000A17  A$LCD$1639                         LCD
ASxxxx Linker V03.00 + NoICE + sdld,  page 61.
Hexadecimal  [32-Bits]

Area                                    Addr        Size        Decimal Bytes (Attributes)
--------------------------------        ----        ----        ------- ----- ------------
CSEG                                000000EA    000010A0 =        4256. bytes (REL,CON,CODE)

      Value  Global                              Global Defined In Module
      -----  --------------------------------   ------------------------
C:   00000A19  A$LCD$1642                         LCD
C:   00000A19  C$LCD.c$151$1$24                   LCD
C:   00000A1B  A$LCD$1645                         LCD
C:   00000A1B  C$LCD.c$152$1$24                   LCD
C:   00000A1B  XG$lcd_cmd$0$0                     LCD
C:   00000A1C  A$LCD$1658                         LCD
C:   00000A1C  C$LCD.c$158$1$24                   LCD
C:   00000A1C  C$LCD.c$160$1$26                   LCD
C:   00000A1C  G$lcd_clear$0$0                    LCD
C:   00000A1C  _lcd_clear                         LCD
C:   00000A1F  A$LCD$1659                         LCD
C:   00000A22  A$LCD$1662                         LCD
C:   00000A22  C$LCD.c$161$1$26                   LCD
C:   00000A25  A$LCD$1663                         LCD
C:   00000A28  A$LCD$1666                         LCD
C:   00000A28  C$LCD.c$162$1$26                   LCD
C:   00000A28  XG$lcd_clear$0$0                   LCD
C:   00000A29  A$LCD$1679                         LCD
C:   00000A29  C$LCD.c$168$1$26                   LCD
C:   00000A29  G$lcd_goto$0$0                     LCD
C:   00000A29  _lcd_goto                          LCD
C:   00000A2B  A$LCD$1682                         LCD
C:   00000A2B  C$LCD.c$170$1$28                   LCD
C:   00000A2D  A$LCD$1683                         LCD
C:   00000A2E  A$LCD$1684                         LCD
C:   00000A30  A$LCD$1685                         LCD
C:   00000A33  A$LCD$1688                         LCD
C:   00000A33  C$LCD.c$171$1$28                   LCD
C:   00000A33  XG$lcd_goto$0$0                    LCD
C:   00000A34  A$LCD$1701                         LCD
C:   00000A34  C$LCD.c$177$1$28                   LCD
C:   00000A34  C$LCD.c$179$1$30                   LCD
C:   00000A34  G$lcd_home$0$0                     LCD
C:   00000A34  _lcd_home                          LCD
C:   00000A37  A$LCD$1702                         LCD
C:   00000A3A  A$LCD$1705                         LCD
C:   00000A3A  C$LCD.c$180$1$30                   LCD
C:   00000A3A  XG$lcd_home$0$0                    LCD
C:   00000A3B  A$LCD$1718                         LCD
C:   00000A3B  C$LCD.c$186$1$30                   LCD
C:   00000A3B  C$LCD.c$188$1$32                   LCD
C:   00000A3B  G$lcd_cursor$0$0                   LCD
C:   00000A3B  _lcd_cursor                        LCD
C:   00000A3E  A$LCD$1721                         LCD
C:   00000A3E  C$LCD.c$189$1$32                   LCD
C:   00000A41  A$LCD$1722                         LCD
C:   00000A44  A$LCD$1723                         LCD
C:   00000A46  A$LCD$1727                         LCD
C:   00000A46  C$LCD.c$191$1$32                   LCD
C:   00000A49  A$LCD$1728                         LCD
C:   00000A4C  A$LCD$1732                         LCD
ASxxxx Linker V03.00 + NoICE + sdld,  page 62.
Hexadecimal  [32-Bits]

Area                                    Addr        Size        Decimal Bytes (Attributes)
--------------------------------        ----        ----        ------- ----- ------------
CSEG                                000000EA    000010A0 =        4256. bytes (REL,CON,CODE)

      Value  Global                              Global Defined In Module
      -----  --------------------------------   ------------------------
C:   00000A4C  C$LCD.c$192$1$32                   LCD
C:   00000A4C  XG$lcd_cursor$0$0                  LCD
C:   00000A4D  A$LCD$1745                         LCD
C:   00000A4D  C$LCD.c$201$1$32                   LCD
C:   00000A4D  G$small_delay$0$0                  LCD
C:   00000A4D  _small_delay                       LCD
C:   00000A4F  A$LCD$1749                         LCD
C:   00000A4F  C$LCD.c$203$1$34                   LCD
C:   00000A51  A$LCD$1750                         LCD
C:   00000A52  A$LCD$1751                         LCD
C:   00000A53  A$LCD$1752                         LCD
C:   00000A55  A$LCD$1755                         LCD
C:   00000A55  C$LCD.c$204$1$34                   LCD
C:   00000A55  XG$small_delay$0$0                 LCD
C:   00000A56  A$LCD$1768                         LCD
C:   00000A56  C$LCD.c$207$1$34                   LCD
C:   00000A56  G$large_delay$0$0                  LCD
C:   00000A56  _large_delay                       LCD
C:   00000A58  A$LCD$1772                         LCD
C:   00000A58  C$LCD.c$209$1$36                   LCD
C:   00000A5A  A$LCD$1773                         LCD
C:   00000A5B  A$LCD$1774                         LCD
C:   00000A5C  A$LCD$1775                         LCD
C:   00000A5E  A$LCD$1778                         LCD
C:   00000A5E  C$LCD.c$210$1$36                   LCD
C:   00000A61  A$LCD$1779                         LCD
C:   00000A63  A$LCD$1780                         LCD
C:   00000A66  A$LCD$1781                         LCD
C:   00000A68  A$LCD$1782                         LCD
C:   00000A6A  A$LCD$1786                         LCD
C:   00000A6A  C$LCD.c$211$1$36                   LCD
C:   00000A6A  XG$large_delay$0$0                 LCD
C:   00000A6B  A$LCD$1799                         LCD
C:   00000A6B  C$LCD.c$214$1$36                   LCD
C:   00000A6B  G$huge_delay$0$0                   LCD
C:   00000A6B  _huge_delay                        LCD
C:   00000A6D  A$LCD$1803                         LCD
C:   00000A6D  C$LCD.c$216$1$38                   LCD
C:   00000A6F  A$LCD$1804                         LCD
C:   00000A70  A$LCD$1805                         LCD
C:   00000A71  A$LCD$1806                         LCD
C:   00000A73  A$LCD$1809                         LCD
C:   00000A73  C$LCD.c$217$1$38                   LCD
C:   00000A76  A$LCD$1810                         LCD
C:   00000A78  A$LCD$1811                         LCD
C:   00000A7B  A$LCD$1812                         LCD
C:   00000A7D  A$LCD$1813                         LCD
C:   00000A7F  A$LCD$1817                         LCD
C:   00000A7F  C$LCD.c$218$1$38                   LCD
C:   00000A7F  XG$huge_delay$0$0                  LCD
C:   00000A80  __modulong                         _modulong
ASxxxx Linker V03.00 + NoICE + sdld,  page 63.
Hexadecimal  [32-Bits]

Area                                    Addr        Size        Decimal Bytes (Attributes)
--------------------------------        ----        ----        ------- ----- ------------
CSEG                                000000EA    000010A0 =        4256. bytes (REL,CON,CODE)

      Value  Global                              Global Defined In Module
      -----  --------------------------------   ------------------------
C:   00000B03  __modslong                         _modslong
C:   00000B5D  _vprintf                           vprintf
C:   00000B76  _printf                            vprintf
C:   00000C48  __print_format                     printf_large
C:   00001152  _strlen                            _strlen
C:   0000116A  __gptrget                          _gptrget
C:   00001186  __sdcc_external_startup            _startup
ASxxxx Linker V03.00 + NoICE + sdld,  page 64.
Hexadecimal  [32-Bits]

Area                                    Addr        Size        Decimal Bytes (Attributes)
--------------------------------        ----        ----        ------- ----- ------------
CONST                               0000118A    00000146 =         326. bytes (REL,CON,CODE)

      Value  Global                              Global Defined In Module
      -----  --------------------------------   ------------------------
C:   0000118A  Fmain$__str_0$0$0                  main
C:   0000118F  Fmain$__str_1$0$0                  main
C:   000011AF  Fmain$__str_2$0$0                  main
C:   000011BE  Fmain$__str_3$0$0                  main
C:   000011CC  Fmain$__str_4$0$0                  main
C:   00001211  Fmain$__str_5$0$0                  main
C:   0000121D  Fmain$__str_6$0$0                  main
C:   0000122D  Fmain$__str_7$0$0                  main
C:   00001245  Fmain$__str_8$0$0                  main
C:   00001258  Fmain$__str_9$0$0                  main
C:   0000125D  Fmain$__str_10$0$0                 main
C:   00001261  Fmain$__str_11$0$0                 main
C:   00001264  Fmain$__str_12$0$0                 main
C:   00001269  Fmain$__str_13$0$0                 main
C:   0000126F  Fmain$__str_14$0$0                 main
C:   0000127C  Fmain$__str_15$0$0                 main
C:   00001289  Fmain$__str_16$0$0                 main
C:   0000128C  Fmain$__str_17$0$0                 main
C:   00001293  Fmain$__str_18$0$0                 main
C:   0000129B  Fmain$__str_19$0$0                 main
C:   000012A5  Fmain$__str_20$0$0                 main
C:   000012AE  Fmain$__str_21$0$0                 main
C:   000012B5  Fmain$__str_22$0$0                 main
C:   000012BE  Fmain$__str_23$0$0                 main
ASxxxx Linker V03.00 + NoICE + sdld,  page 65.

Files Linked                              [ module(s) ]

C:\Users\me\Dropbox\Microprocessor Systems\Lab 6\Lab 6 part 2\main.rel
                                          [  ]
C:\Users\me\Dropbox\Microprocessor Systems\Lab 6\Lab 6 part 2\LCD.rel
                                          [  ]


Libraries Linked                          [ object file ]

C:\Program Files\SDCC\bin\..\lib\small/liblong.lib
                                          [ _modulong.rel ]
C:\Program Files\SDCC\bin\..\lib\small/mcs51.lib
                                          [ crtclear.rel ]
C:\Program Files\SDCC\bin\..\lib\small/mcs51.lib
                                          [ crtxinit.rel ]
C:\Program Files\SDCC\bin\..\lib\small/mcs51.lib
                                          [ crtxclear.rel ]
C:\Program Files\SDCC\bin\..\lib\small/liblong.lib
                                          [ _modslong.rel ]
C:\Program Files\SDCC\bin\..\lib\small/libsdcc.lib
                                          [ vprintf.rel ]
C:\Program Files\SDCC\bin\..\lib\small/libsdcc.lib
                                          [ printf_large.rel ]
C:\Program Files\SDCC\bin\..\lib\small/libsdcc.lib
                                          [ _strlen.rel ]
C:\Program Files\SDCC\bin\..\lib\small/mcs51.lib
                                          [ crtstart.rel ]
C:\Program Files\SDCC\bin\..\lib\small/libsdcc.lib
                                          [ _gptrget.rel ]
C:\Program Files\SDCC\bin\..\lib\small/libsdcc.lib
                                          [ _startup.rel ]
C:\Program Files\SDCC\bin\..\lib\small/libsdcc.lib
                                          [ _bp.rel ]

ASxxxx Linker V03.00 + NoICE + sdld,  page 66.

User Base Address Definitions

HOME = 0x0000
XSEG = 0x0001
PSEG = 0x0001
ISEG = 0x0000
BSEG = 0x0000

